peripherals.c:185:6:stop_TTL	8	static
peripherals.c:79:6:init_pot	8	static
peripherals.c:84:7:pot_value	8	static
peripherals.c:89:6:select_axis	24	static
peripherals.c:95:6:enable_axis	24	static
peripherals.c:111:6:push_brakes	16	static
peripherals.c:102:6:release_brake	0	static
peripherals.c:117:9:clock_limits	24	static
peripherals.c:126:9:clock_limit	0	static
peripherals.c:130:9:counter_limits	24	static
peripherals.c:139:9:counter_limit	0	static
peripherals.c:143:6:limits_controller	8	static
peripherals.c:154:7:synchro_position	24	static
peripherals.c:162:9:synchro_BIT	0	static
peripherals.c:166:9:synchro_CB	0	static
peripherals.c:170:6:synchro_INH	0	static
peripherals.c:174:6:init_TTL	16	static
peripherals.c:70:6:init_peripherials	8	static
peripherals.c:180:6:fire_TTL	8	static
