core_cm7.h:1998:22:NVIC_SystemReset	0	static
tcp.c:249:10:keepAlive	0	static
tcp.c:244:10:stop	8	static
tcp.c:154:6:tcp_writer	32	static
tcp.c:173:6:send_packet	48	dynamic
tcp.c:191:6:send_keep_alive	16	static
tcp.c:196:6:send_ack	16	static
tcp.c:100:6:conn_handler	48	static
tcp.c:62:6:tcp_server	8	static
tcp.c:201:6:send_position_speed	24	static
tcp.c:211:6:send_position	16	static
tcp.c:217:6:send_speed	16	static
tcp.c:223:6:send_state	16	static
tcp.c:229:6:send_checkpoint	16	static
tcp.c:235:6:send_limits	16	static
