Archive member included to satisfy reference by file (symbol)

/home/charlas/Apps/AtollicTrueSTUDIO/ARMTools/bin/../lib/gcc/arm-atollic-eabi/6.3.1/../../../../arm-atollic-eabi/lib/armv7e-m/fpu/fpv5-sp-d16/libc_nano.a(lib_a-init.o)
                              startup/startup_stm32f767xx.o (__libc_init_array)
/home/charlas/Apps/AtollicTrueSTUDIO/ARMTools/bin/../lib/gcc/arm-atollic-eabi/6.3.1/../../../../arm-atollic-eabi/lib/armv7e-m/fpu/fpv5-sp-d16/libc_nano.a(lib_a-memcmp.o)
                              Middlewares/Third_Party/LwIP/src/netif/ethernet.o (memcmp)
/home/charlas/Apps/AtollicTrueSTUDIO/ARMTools/bin/../lib/gcc/arm-atollic-eabi/6.3.1/../../../../arm-atollic-eabi/lib/armv7e-m/fpu/fpv5-sp-d16/libc_nano.a(lib_a-memcpy-stub.o)
                              Middlewares/Third_Party/FreeRTOS/Source/queue.o (memcpy)
/home/charlas/Apps/AtollicTrueSTUDIO/ARMTools/bin/../lib/gcc/arm-atollic-eabi/6.3.1/../../../../arm-atollic-eabi/lib/armv7e-m/fpu/fpv5-sp-d16/libc_nano.a(lib_a-memset.o)
                              Middlewares/Third_Party/LwIP/src/api/netbuf.o (memset)
/home/charlas/Apps/AtollicTrueSTUDIO/ARMTools/bin/../lib/gcc/arm-atollic-eabi/6.3.1/../../../../arm-atollic-eabi/lib/armv7e-m/fpu/fpv5-sp-d16/libc_nano.a(lib_a-printf.o)
                              Middlewares/Third_Party/LwIP/src/api/api_lib.o (printf)
/home/charlas/Apps/AtollicTrueSTUDIO/ARMTools/bin/../lib/gcc/arm-atollic-eabi/6.3.1/../../../../arm-atollic-eabi/lib/armv7e-m/fpu/fpv5-sp-d16/libc_nano.a(lib_a-strlen.o)
                              Middlewares/Third_Party/LwIP/src/apps/mqtt/mqtt.o (strlen)
/home/charlas/Apps/AtollicTrueSTUDIO/ARMTools/bin/../lib/gcc/arm-atollic-eabi/6.3.1/../../../../arm-atollic-eabi/lib/armv7e-m/fpu/fpv5-sp-d16/libc_nano.a(lib_a-strncmp.o)
                              Middlewares/Third_Party/LwIP/src/core/def.o (strncmp)
/home/charlas/Apps/AtollicTrueSTUDIO/ARMTools/bin/../lib/gcc/arm-atollic-eabi/6.3.1/../../../../arm-atollic-eabi/lib/armv7e-m/fpu/fpv5-sp-d16/libc_nano.a(lib_a-findfp.o)
                              /home/charlas/Apps/AtollicTrueSTUDIO/ARMTools/bin/../lib/gcc/arm-atollic-eabi/6.3.1/../../../../arm-atollic-eabi/lib/armv7e-m/fpu/fpv5-sp-d16/libc_nano.a(lib_a-printf.o) (__sinit)
/home/charlas/Apps/AtollicTrueSTUDIO/ARMTools/bin/../lib/gcc/arm-atollic-eabi/6.3.1/../../../../arm-atollic-eabi/lib/armv7e-m/fpu/fpv5-sp-d16/libc_nano.a(lib_a-fwalk.o)
                              /home/charlas/Apps/AtollicTrueSTUDIO/ARMTools/bin/../lib/gcc/arm-atollic-eabi/6.3.1/../../../../arm-atollic-eabi/lib/armv7e-m/fpu/fpv5-sp-d16/libc_nano.a(lib_a-findfp.o) (_fwalk)
/home/charlas/Apps/AtollicTrueSTUDIO/ARMTools/bin/../lib/gcc/arm-atollic-eabi/6.3.1/../../../../arm-atollic-eabi/lib/armv7e-m/fpu/fpv5-sp-d16/libc_nano.a(lib_a-impure.o)
                              /home/charlas/Apps/AtollicTrueSTUDIO/ARMTools/bin/../lib/gcc/arm-atollic-eabi/6.3.1/../../../../arm-atollic-eabi/lib/armv7e-m/fpu/fpv5-sp-d16/libc_nano.a(lib_a-findfp.o) (_global_impure_ptr)
/home/charlas/Apps/AtollicTrueSTUDIO/ARMTools/bin/../lib/gcc/arm-atollic-eabi/6.3.1/../../../../arm-atollic-eabi/lib/armv7e-m/fpu/fpv5-sp-d16/libc_nano.a(lib_a-nano-mallocr.o)
                              /home/charlas/Apps/AtollicTrueSTUDIO/ARMTools/bin/../lib/gcc/arm-atollic-eabi/6.3.1/../../../../arm-atollic-eabi/lib/armv7e-m/fpu/fpv5-sp-d16/libc_nano.a(lib_a-findfp.o) (_malloc_r)
/home/charlas/Apps/AtollicTrueSTUDIO/ARMTools/bin/../lib/gcc/arm-atollic-eabi/6.3.1/../../../../arm-atollic-eabi/lib/armv7e-m/fpu/fpv5-sp-d16/libc_nano.a(lib_a-nano-vfprintf.o)
                              /home/charlas/Apps/AtollicTrueSTUDIO/ARMTools/bin/../lib/gcc/arm-atollic-eabi/6.3.1/../../../../arm-atollic-eabi/lib/armv7e-m/fpu/fpv5-sp-d16/libc_nano.a(lib_a-printf.o) (_vfprintf_r)
/home/charlas/Apps/AtollicTrueSTUDIO/ARMTools/bin/../lib/gcc/arm-atollic-eabi/6.3.1/../../../../arm-atollic-eabi/lib/armv7e-m/fpu/fpv5-sp-d16/libc_nano.a(lib_a-nano-vfprintf_i.o)
                              /home/charlas/Apps/AtollicTrueSTUDIO/ARMTools/bin/../lib/gcc/arm-atollic-eabi/6.3.1/../../../../arm-atollic-eabi/lib/armv7e-m/fpu/fpv5-sp-d16/libc_nano.a(lib_a-nano-vfprintf.o) (_printf_i)
/home/charlas/Apps/AtollicTrueSTUDIO/ARMTools/bin/../lib/gcc/arm-atollic-eabi/6.3.1/../../../../arm-atollic-eabi/lib/armv7e-m/fpu/fpv5-sp-d16/libc_nano.a(lib_a-sbrkr.o)
                              /home/charlas/Apps/AtollicTrueSTUDIO/ARMTools/bin/../lib/gcc/arm-atollic-eabi/6.3.1/../../../../arm-atollic-eabi/lib/armv7e-m/fpu/fpv5-sp-d16/libc_nano.a(lib_a-nano-mallocr.o) (_sbrk_r)
/home/charlas/Apps/AtollicTrueSTUDIO/ARMTools/bin/../lib/gcc/arm-atollic-eabi/6.3.1/../../../../arm-atollic-eabi/lib/armv7e-m/fpu/fpv5-sp-d16/libc_nano.a(lib_a-stdio.o)
                              /home/charlas/Apps/AtollicTrueSTUDIO/ARMTools/bin/../lib/gcc/arm-atollic-eabi/6.3.1/../../../../arm-atollic-eabi/lib/armv7e-m/fpu/fpv5-sp-d16/libc_nano.a(lib_a-findfp.o) (__sread)
[...]
Memory Configuration

Name             Origin             Length             Attributes
RAM              0x0000000020000000 0x0000000000080000 xrw
FLASH            0x0000000008000000 0x0000000000200000 xr
*default*        0x0000000000000000 0xffffffffffffffff

Linker script and memory map

LOAD /home/charlas/Apps/AtollicTrueSTUDIO/ARMTools/bin/../lib/gcc/arm-atollic-eabi/6.3.1/armv7e-m/fpu/fpv5-sp-d16/crti.o
LOAD /home/charlas/Apps/AtollicTrueSTUDIO/ARMTools/bin/../lib/gcc/arm-atollic-eabi/6.3.1/armv7e-m/fpu/fpv5-sp-d16/crtbegin.o
LOAD Drivers/STM32F7xx_HAL_Driver/Src/stm32f7xx_hal.o
LOAD Drivers/STM32F7xx_HAL_Driver/Src/stm32f7xx_hal_adc.o
LOAD Drivers/STM32F7xx_HAL_Driver/Src/stm32f7xx_hal_adc_ex.o
LOAD Drivers/STM32F7xx_HAL_Driver/Src/stm32f7xx_hal_cortex.o
LOAD Drivers/STM32F7xx_HAL_Driver/Src/stm32f7xx_hal_dma.o
LOAD Drivers/STM32F7xx_HAL_Driver/Src/stm32f7xx_hal_dma_ex.o
LOAD Drivers/STM32F7xx_HAL_Driver/Src/stm32f7xx_hal_eth.o
LOAD Drivers/STM32F7xx_HAL_Driver/Src/stm32f7xx_hal_flash.o
LOAD Drivers/STM32F7xx_HAL_Driver/Src/stm32f7xx_hal_flash_ex.o
LOAD Drivers/STM32F7xx_HAL_Driver/Src/stm32f7xx_hal_gpio.o
LOAD Drivers/STM32F7xx_HAL_Driver/Src/stm32f7xx_hal_i2c.o
LOAD Drivers/STM32F7xx_HAL_Driver/Src/stm32f7xx_hal_i2c_ex.o
LOAD Drivers/STM32F7xx_HAL_Driver/Src/stm32f7xx_hal_pwr.o
LOAD Drivers/STM32F7xx_HAL_Driver/Src/stm32f7xx_hal_pwr_ex.o
LOAD Drivers/STM32F7xx_HAL_Driver/Src/stm32f7xx_hal_rcc.o
LOAD Drivers/STM32F7xx_HAL_Driver/Src/stm32f7xx_hal_rcc_ex.o
LOAD Drivers/STM32F7xx_HAL_Driver/Src/stm32f7xx_hal_spi.o
LOAD Drivers/STM32F7xx_HAL_Driver/Src/stm32f7xx_hal_tim.o
LOAD Drivers/STM32F7xx_HAL_Driver/Src/stm32f7xx_hal_tim_ex.o
LOAD Middlewares/Third_Party/FreeRTOS/Source/CMSIS_RTOS/cmsis_os.o
LOAD Middlewares/Third_Party/FreeRTOS/Source/croutine.o
LOAD Middlewares/Third_Party/FreeRTOS/Source/event_groups.o
LOAD Middlewares/Third_Party/FreeRTOS/Source/list.o
LOAD Middlewares/Third_Party/FreeRTOS/Source/portable/GCC/ARM_CM7/r0p1/port.o
LOAD Middlewares/Third_Party/FreeRTOS/Source/portable/MemMang/heap_4.o
LOAD Middlewares/Third_Party/FreeRTOS/Source/queue.o
LOAD Middlewares/Third_Party/FreeRTOS/Source/tasks.o
LOAD Middlewares/Third_Party/FreeRTOS/Source/timers.o
LOAD Middlewares/Third_Party/LwIP/src/api/api_lib.o
LOAD Middlewares/Third_Party/LwIP/src/api/api_msg.o
LOAD Middlewares/Third_Party/LwIP/src/api/err.o
LOAD Middlewares/Third_Party/LwIP/src/api/netbuf.o
LOAD Middlewares/Third_Party/LwIP/src/api/netdb.o
LOAD Middlewares/Third_Party/LwIP/src/api/netifapi.o
LOAD Middlewares/Third_Party/LwIP/src/api/sockets.o
LOAD Middlewares/Third_Party/LwIP/src/api/tcpip.o
LOAD Middlewares/Third_Party/LwIP/src/apps/mqtt/mqtt.o
LOAD Middlewares/Third_Party/LwIP/src/core/def.o
LOAD Middlewares/Third_Party/LwIP/src/core/dns.o
LOAD Middlewares/Third_Party/LwIP/src/core/inet_chksum.o
LOAD Middlewares/Third_Party/LwIP/src/core/init.o
LOAD Middlewares/Third_Party/LwIP/src/core/ip.o
LOAD Middlewares/Third_Party/LwIP/src/core/ipv4/autoip.o
LOAD Middlewares/Third_Party/LwIP/src/core/ipv4/dhcp.o
LOAD Middlewares/Third_Party/LwIP/src/core/ipv4/etharp.o
LOAD Middlewares/Third_Party/LwIP/src/core/ipv4/icmp.o
LOAD Middlewares/Third_Party/LwIP/src/core/ipv4/igmp.o
LOAD Middlewares/Third_Party/LwIP/src/core/ipv4/ip4.o
LOAD Middlewares/Third_Party/LwIP/src/core/ipv4/ip4_addr.o
LOAD Middlewares/Third_Party/LwIP/src/core/ipv4/ip4_frag.o
LOAD Middlewares/Third_Party/LwIP/src/core/ipv6/dhcp6.o
LOAD Middlewares/Third_Party/LwIP/src/core/ipv6/ethip6.o
LOAD Middlewares/Third_Party/LwIP/src/core/ipv6/icmp6.o
LOAD Middlewares/Third_Party/LwIP/src/core/ipv6/inet6.o
LOAD Middlewares/Third_Party/LwIP/src/core/ipv6/ip6.o
LOAD Middlewares/Third_Party/LwIP/src/core/ipv6/ip6_addr.o
LOAD Middlewares/Third_Party/LwIP/src/core/ipv6/ip6_frag.o
LOAD Middlewares/Third_Party/LwIP/src/core/ipv6/mld6.o
LOAD Middlewares/Third_Party/LwIP/src/core/ipv6/nd6.o
LOAD Middlewares/Third_Party/LwIP/src/core/mem.o
LOAD Middlewares/Third_Party/LwIP/src/core/memp.o
LOAD Middlewares/Third_Party/LwIP/src/core/netif.o
LOAD Middlewares/Third_Party/LwIP/src/core/pbuf.o
LOAD Middlewares/Third_Party/LwIP/src/core/raw.o
LOAD Middlewares/Third_Party/LwIP/src/core/stats.o
LOAD Middlewares/Third_Party/LwIP/src/core/sys.o
LOAD Middlewares/Third_Party/LwIP/src/core/tcp.o
LOAD Middlewares/Third_Party/LwIP/src/core/tcp_in.o
LOAD Middlewares/Third_Party/LwIP/src/core/tcp_out.o
LOAD Middlewares/Third_Party/LwIP/src/core/timeouts.o
LOAD Middlewares/Third_Party/LwIP/src/core/udp.o
LOAD Middlewares/Third_Party/LwIP/src/netif/ethernet.o
LOAD Middlewares/Third_Party/LwIP/src/netif/lowpan6.o
LOAD Middlewares/Third_Party/LwIP/src/netif/ppp/auth.o
LOAD Middlewares/Third_Party/LwIP/src/netif/ppp/ccp.o
LOAD Middlewares/Third_Party/LwIP/src/netif/ppp/chap-md5.o
LOAD Middlewares/Third_Party/LwIP/src/netif/ppp/chap-new.o
LOAD Middlewares/Third_Party/LwIP/src/netif/ppp/chap_ms.o
LOAD Middlewares/Third_Party/LwIP/src/netif/ppp/demand.o
LOAD Middlewares/Third_Party/LwIP/src/netif/ppp/eap.o
LOAD Middlewares/Third_Party/LwIP/src/netif/ppp/ecp.o
LOAD Middlewares/Third_Party/LwIP/src/netif/ppp/eui64.o
LOAD Middlewares/Third_Party/LwIP/src/netif/ppp/fsm.o
LOAD Middlewares/Third_Party/LwIP/src/netif/ppp/ipcp.o
LOAD Middlewares/Third_Party/LwIP/src/netif/ppp/ipv6cp.o
LOAD Middlewares/Third_Party/LwIP/src/netif/ppp/lcp.o
LOAD Middlewares/Third_Party/LwIP/src/netif/ppp/magic.o
LOAD Middlewares/Third_Party/LwIP/src/netif/ppp/mppe.o
LOAD Middlewares/Third_Party/LwIP/src/netif/ppp/multilink.o
LOAD Middlewares/Third_Party/LwIP/src/netif/ppp/ppp.o
LOAD Middlewares/Third_Party/LwIP/src/netif/ppp/pppapi.o
LOAD Middlewares/Third_Party/LwIP/src/netif/ppp/pppcrypt.o
LOAD Middlewares/Third_Party/LwIP/src/netif/ppp/pppoe.o
LOAD Middlewares/Third_Party/LwIP/src/netif/ppp/pppol2tp.o
LOAD Middlewares/Third_Party/LwIP/src/netif/ppp/pppos.o
LOAD Middlewares/Third_Party/LwIP/src/netif/ppp/upap.o
LOAD Middlewares/Third_Party/LwIP/src/netif/ppp/utils.o
LOAD Middlewares/Third_Party/LwIP/src/netif/ppp/vj.o
LOAD Middlewares/Third_Party/LwIP/src/netif/slipif.o
LOAD Middlewares/Third_Party/LwIP/system/OS/sys_arch.o
LOAD Src/adc.o
LOAD Src/adc_driver.o
LOAD Src/dac.o
LOAD Src/ethernetif.o
LOAD Src/freertos.o
LOAD Src/global_preferences.o
LOAD Src/gpio.o
LOAD Src/lwip.o
LOAD Src/main.o
LOAD Src/modes.o
LOAD Src/motor_driver.o
LOAD Src/peripherals.o
LOAD Src/spi.o
LOAD Src/stm32f7xx_hal_msp.o
LOAD Src/stm32f7xx_hal_timebase_TIM.o
LOAD Src/stm32f7xx_it.o
LOAD Src/syscalls.o
LOAD Src/system_stm32f7xx.o
LOAD Src/tcp.o
LOAD Src/utils.o
LOAD startup/startup_stm32f767xx.o
                0x0000000000000080                malloc_getpagesize_P = 0x80
START GROUP
LOAD /home/charlas/Apps/AtollicTrueSTUDIO/ARMTools/bin/../lib/gcc/arm-atollic-eabi/6.3.1/../../../../arm-atollic-eabi/lib/armv7e-m/fpu/fpv5-sp-d16/libc_nano.a
LOAD /home/charlas/Apps/AtollicTrueSTUDIO/ARMTools/bin/../lib/gcc/arm-atollic-eabi/6.3.1/../../../../arm-atollic-eabi/lib/armv7e-m/fpu/fpv5-sp-d16/libm.a
END GROUP
START GROUP
LOAD /home/charlas/Apps/AtollicTrueSTUDIO/ARMTools/bin/../lib/gcc/arm-atollic-eabi/6.3.1/armv7e-m/fpu/fpv5-sp-d16/libgcc.a
LOAD /home/charlas/Apps/AtollicTrueSTUDIO/ARMTools/bin/../lib/gcc/arm-atollic-eabi/6.3.1/../../../../arm-atollic-eabi/lib/armv7e-m/fpu/fpv5-sp-d16/libc_nano.a
END GROUP
START GROUP
LOAD /home/charlas/Apps/AtollicTrueSTUDIO/ARMTools/bin/../lib/gcc/arm-atollic-eabi/6.3.1/armv7e-m/fpu/fpv5-sp-d16/libgcc.a
LOAD /home/charlas/Apps/AtollicTrueSTUDIO/ARMTools/bin/../lib/gcc/arm-atollic-eabi/6.3.1/../../../../arm-atollic-eabi/lib/armv7e-m/fpu/fpv5-sp-d16/libc_nano.a
LOAD /home/charlas/Apps/AtollicTrueSTUDIO/ARMTools/bin/../lib/gcc/arm-atollic-eabi/6.3.1/../../../../arm-atollic-eabi/lib/armv7e-m/fpu/fpv5-sp-d16/libnosys.a
END GROUP
START GROUP
LOAD /home/charlas/Apps/AtollicTrueSTUDIO/ARMTools/bin/../lib/gcc/arm-atollic-eabi/6.3.1/armv7e-m/fpu/fpv5-sp-d16/libgcc.a
LOAD /home/charlas/Apps/AtollicTrueSTUDIO/ARMTools/bin/../lib/gcc/arm-atollic-eabi/6.3.1/../../../../arm-atollic-eabi/lib/armv7e-m/fpu/fpv5-sp-d16/libc_nano.a
LOAD /home/charlas/Apps/AtollicTrueSTUDIO/ARMTools/bin/../lib/gcc/arm-atollic-eabi/6.3.1/../../../../arm-atollic-eabi/lib/armv7e-m/fpu/fpv5-sp-d16/libnosys.a
END GROUP
LOAD /home/charlas/Apps/AtollicTrueSTUDIO/ARMTools/bin/../lib/gcc/arm-atollic-eabi/6.3.1/armv7e-m/fpu/fpv5-sp-d16/crtend.o
LOAD /home/charlas/Apps/AtollicTrueSTUDIO/ARMTools/bin/../lib/gcc/arm-atollic-eabi/6.3.1/armv7e-m/fpu/fpv5-sp-d16/crtn.o
                0x0000000020080000                _estack = 0x20080000
                0x0000000000000200                _Min_Heap_Size = 0x200
                0x0000000000000400                _Min_Stack_Size = 0x400

.isr_vector     0x0000000008000000      0x1f8
                0x0000000008000000                . = ALIGN (0x4)
 *(.isr_vector)
 .isr_vector    0x0000000008000000      0x1f8 startup/startup_stm32f767xx.o
                0x0000000008000000                g_pfnVectors
                0x00000000080001f8                . = ALIGN (0x4)

.text           0x0000000008000200     0xf0cc
                0x0000000008000200                . = ALIGN (0x4)
 *(.text)
 .text          0x0000000008000200       0x40 /home/charlas/Apps/AtollicTrueSTUDIO/ARMTools/bin/../lib/gcc/arm-atollic-eabi/6.3.1/armv7e-m/fpu/fpv5-sp-d16/crtbegin.o
 .text          0x0000000008000240       0xa0 /home/charlas/Apps/AtollicTrueSTUDIO/ARMTools/bin/../lib/gcc/arm-atollic-eabi/6.3.1/../../../../arm-atollic-eabi/lib/armv7e-m/fpu/fpv5-sp-d16/libc_nano.a(lib_a-memchr.o)
                0x0000000008000240                memchr
 .text          0x00000000080002e0      0x370 /home/charlas/Apps/AtollicTrueSTUDIO/ARMTools/bin/../lib/gcc/arm-atollic-eabi/6.3.1/armv7e-m/fpu/fpv5-sp-d16/libgcc.a(_arm_addsubdf3.o)
                0x00000000080002e0                __aeabi_drsub
                0x00000000080002e8                __aeabi_dsub
                0x00000000080002e8                __subdf3
                0x00000000080002ec                __adddf3
                0x00000000080002ec                __aeabi_dadd
                0x0000000008000564                __aeabi_ui2d
                0x0000000008000564                __floatunsidf
                0x0000000008000584                __floatsidf
                0x0000000008000584                __aeabi_i2d
                0x00000000080005a8                __extendsfdf2
                0x00000000080005a8                __aeabi_f2d
                0x00000000080005e4                __aeabi_ul2d
                0x00000000080005e4                __floatundidf
                0x00000000080005f4                __floatdidf
                0x00000000080005f4                __aeabi_l2d
 .text          0x0000000008000650      0x424 /home/charlas/Apps/AtollicTrueSTUDIO/ARMTools/bin/../lib/gcc/arm-atollic-eabi/6.3.1/armv7e-m/fpu/fpv5-sp-d16/libgcc.a(_arm_muldivdf3.o)
                0x0000000008000650                __aeabi_dmul
                0x0000000008000650                __muldf3
                0x00000000080008a4                __aeabi_ddiv
                0x00000000080008a4                __divdf3
 .text          0x0000000008000a74      0x110 /home/charlas/Apps/AtollicTrueSTUDIO/ARMTools/bin/../lib/gcc/arm-atollic-eabi/6.3.1/armv7e-m/fpu/fpv5-sp-d16/libgcc.a(_arm_cmpdf2.o)
                0x0000000008000a74                __gtdf2
                0x0000000008000a74                __gedf2
                0x0000000008000a7c                __ltdf2
                0x0000000008000a7c                __ledf2
                0x0000000008000a84                __cmpdf2
                0x0000000008000a84                __eqdf2
                0x0000000008000a84                __nedf2
                0x0000000008000b00                __aeabi_cdrcmple
                0x0000000008000b10                __aeabi_cdcmple
                0x0000000008000b10                __aeabi_cdcmpeq
                0x0000000008000b20                __aeabi_dcmpeq
                0x0000000008000b34                __aeabi_dcmplt
                0x0000000008000b48                __aeabi_dcmple
                0x0000000008000b5c                __aeabi_dcmpge
                0x0000000008000b70                __aeabi_dcmpgt
 .text          0x0000000008000b84       0x2c /home/charlas/Apps/AtollicTrueSTUDIO/ARMTools/bin/../lib/gcc/arm-atollic-eabi/6.3.1/armv7e-m/fpu/fpv5-sp-d16/libgcc.a(_arm_unorddf2.o)
                0x0000000008000b84                __aeabi_dcmpun
                0x0000000008000b84                __unorddf2
 .text          0x0000000008000bb0       0x40 /home/charlas/Apps/AtollicTrueSTUDIO/ARMTools/bin/../lib/gcc/arm-atollic-eabi/6.3.1/armv7e-m/fpu/fpv5-sp-d16/libgcc.a(_arm_fixunsdfsi.o)
                0x0000000008000bb0                __fixunsdfsi
                0x0000000008000bb0                __aeabi_d2uiz
 .text          0x0000000008000bf0       0xa0 /home/charlas/Apps/AtollicTrueSTUDIO/ARMTools/bin/../lib/gcc/arm-atollic-eabi/6.3.1/armv7e-m/fpu/fpv5-sp-d16/libgcc.a(_arm_truncdfsf2.o)
                0x0000000008000bf0                __aeabi_d2f
                0x0000000008000bf0                __truncdfsf2
 .text          0x0000000008000c90       0x30 /home/charlas/Apps/AtollicTrueSTUDIO/ARMTools/bin/../lib/gcc/arm-atollic-eabi/6.3.1/armv7e-m/fpu/fpv5-sp-d16/libgcc.a(_aeabi_uldivmod.o)
                0x0000000008000c90                __aeabi_uldivmod
 .text          0x0000000008000cc0      0x2dc /home/charlas/Apps/AtollicTrueSTUDIO/ARMTools/bin/../lib/gcc/arm-atollic-eabi/6.3.1/armv7e-m/fpu/fpv5-sp-d16/libgcc.a(_udivmoddi4.o)
                0x0000000008000cc0                __udivmoddi4
 .text          0x0000000008000f9c        0x4 /home/charlas/Apps/AtollicTrueSTUDIO/ARMTools/bin/../lib/gcc/arm-atollic-eabi/6.3.1/armv7e-m/fpu/fpv5-sp-d16/libgcc.a(_dvmd_tls.o)
                0x0000000008000f9c                __aeabi_ldiv0
                0x0000000008000f9c                __aeabi_idiv0
 *(.text*)
 .text.HAL_Init
                0x0000000008000fa0       0x16 Drivers/STM32F7xx_HAL_Driver/Src/stm32f7xx_hal.o
                0x0000000008000fa0                HAL_Init
 *fill*         0x0000000008000fb6        0x2 
 .text.HAL_IncTick
                0x0000000008000fb8       0x18 Drivers/STM32F7xx_HAL_Driver/Src/stm32f7xx_hal.o
                0x0000000008000fb8                HAL_IncTick
 .text.HAL_GetTick
                0x0000000008000fd0        0xc Drivers/STM32F7xx_HAL_Driver/Src/stm32f7xx_hal.o
                0x0000000008000fd0                HAL_GetTick
 .text.HAL_Delay
                0x0000000008000fdc       0x24 Drivers/STM32F7xx_HAL_Driver/Src/stm32f7xx_hal.o
                0x0000000008000fdc                HAL_Delay
 .text.HAL_ADC_Init
                0x0000000008001000      0x148 Drivers/STM32F7xx_HAL_Driver/Src/stm32f7xx_hal_adc.o
                0x0000000008001000                HAL_ADC_Init
 .text.HAL_ADC_PollForConversion
                0x0000000008001148       0xa0 Drivers/STM32F7xx_HAL_Driver/Src/stm32f7xx_hal_adc.o
                0x0000000008001148                HAL_ADC_PollForConversion
 .text.HAL_ADC_GetValue
                0x00000000080011e8        0x6 Drivers/STM32F7xx_HAL_Driver/Src/stm32f7xx_hal_adc.o
                0x00000000080011e8                HAL_ADC_GetValue
 *fill*         0x00000000080011ee        0x2 
 .text.HAL_ADC_ConfigChannel
                0x00000000080011f0      0x140 Drivers/STM32F7xx_HAL_Driver/Src/stm32f7xx_hal_adc.o
                0x00000000080011f0                HAL_ADC_ConfigChannel
 .text.HAL_NVIC_SetPriorityGrouping
                0x0000000008001330       0x24 Drivers/STM32F7xx_HAL_Driver/Src/stm32f7xx_hal_cortex.o
                0x0000000008001330                HAL_NVIC_SetPriorityGrouping
 .text.HAL_NVIC_SetPriority
                0x0000000008001354       0x70 Drivers/STM32F7xx_HAL_Driver/Src/stm32f7xx_hal_cortex.o
                0x0000000008001354                HAL_NVIC_SetPriority
 .text.HAL_NVIC_EnableIRQ
                0x00000000080013c4       0x18 Drivers/STM32F7xx_HAL_Driver/Src/stm32f7xx_hal_cortex.o
                0x00000000080013c4                HAL_NVIC_EnableIRQ
 .text.HAL_SYSTICK_Config
                0x00000000080013dc       0x2c Drivers/STM32F7xx_HAL_Driver/Src/stm32f7xx_hal_cortex.o
                0x00000000080013dc                HAL_SYSTICK_Config
 .text.HAL_SYSTICK_CLKSourceConfig
                0x0000000008001408       0x18 Drivers/STM32F7xx_HAL_Driver/Src/stm32f7xx_hal_cortex.o
                0x0000000008001408                HAL_SYSTICK_CLKSourceConfig
 .text.ETH_FlushTransmitFIFO
                0x0000000008001420       0x2a Drivers/STM32F7xx_HAL_Driver/Src/stm32f7xx_hal_eth.o
 *fill*         0x000000000800144a        0x2 
 .text.ETH_MACDMAConfig
                0x000000000800144c       0xf8 Drivers/STM32F7xx_HAL_Driver/Src/stm32f7xx_hal_eth.o
 .text.HAL_ETH_DMATxDescListInit
                0x0000000008001544       0x7a Drivers/STM32F7xx_HAL_Driver/Src/stm32f7xx_hal_eth.o
                0x0000000008001544                HAL_ETH_DMATxDescListInit
 .text.HAL_ETH_DMARxDescListInit
                0x00000000080015be       0x78 Drivers/STM32F7xx_HAL_Driver/Src/stm32f7xx_hal_eth.o
                0x00000000080015be                HAL_ETH_DMARxDescListInit
 *fill*         0x0000000008001636        0x2 
 .text.HAL_ETH_TransmitFrame
                0x0000000008001638       0xe4 Drivers/STM32F7xx_HAL_Driver/Src/stm32f7xx_hal_eth.o
                0x0000000008001638                HAL_ETH_TransmitFrame
 .text.HAL_ETH_GetReceivedFrame_IT
                0x000000000800171c       0x8a Drivers/STM32F7xx_HAL_Driver/Src/stm32f7xx_hal_eth.o
                0x000000000800171c                HAL_ETH_GetReceivedFrame_IT
 .text.HAL_ETH_TxCpltCallback
                0x00000000080017a6        0x2 Drivers/STM32F7xx_HAL_Driver/Src/stm32f7xx_hal_eth.o
                0x00000000080017a6                HAL_ETH_TxCpltCallback
 .text.HAL_ETH_ErrorCallback
                0x00000000080017a8        0x2 Drivers/STM32F7xx_HAL_Driver/Src/stm32f7xx_hal_eth.o
                0x00000000080017a8                HAL_ETH_ErrorCallback
 .text.HAL_ETH_IRQHandler
                0x00000000080017aa       0x70 Drivers/STM32F7xx_HAL_Driver/Src/stm32f7xx_hal_eth.o
                0x00000000080017aa                HAL_ETH_IRQHandler
 .text.HAL_ETH_ReadPHYRegister
                0x000000000800181a       0x74 Drivers/STM32F7xx_HAL_Driver/Src/stm32f7xx_hal_eth.o
                0x000000000800181a                HAL_ETH_ReadPHYRegister
 .text.HAL_ETH_WritePHYRegister
                0x000000000800188e       0x6e Drivers/STM32F7xx_HAL_Driver/Src/stm32f7xx_hal_eth.o
                0x000000000800188e                HAL_ETH_WritePHYRegister
 .text.HAL_ETH_Init
                0x00000000080018fc      0x1f4 Drivers/STM32F7xx_HAL_Driver/Src/stm32f7xx_hal_eth.o
                0x00000000080018fc                HAL_ETH_Init
 .text.HAL_ETH_Start
                0x0000000008001af0       0x7c Drivers/STM32F7xx_HAL_Driver/Src/stm32f7xx_hal_eth.o
                0x0000000008001af0                HAL_ETH_Start
 .text.HAL_GPIO_Init
                0x0000000008001b6c      0x1d4 Drivers/STM32F7xx_HAL_Driver/Src/stm32f7xx_hal_gpio.o
                0x0000000008001b6c                HAL_GPIO_Init
 .text.HAL_GPIO_ReadPin
                0x0000000008001d40        0xc Drivers/STM32F7xx_HAL_Driver/Src/stm32f7xx_hal_gpio.o
                0x0000000008001d40                HAL_GPIO_ReadPin
 .text.HAL_GPIO_WritePin
                0x0000000008001d4c        0xa Drivers/STM32F7xx_HAL_Driver/Src/stm32f7xx_hal_gpio.o
                0x0000000008001d4c                HAL_GPIO_WritePin
 .text.HAL_GPIO_EXTI_Callback
                0x0000000008001d56        0x2 Drivers/STM32F7xx_HAL_Driver/Src/stm32f7xx_hal_gpio.o
                0x0000000008001d56                HAL_GPIO_EXTI_Callback
 .text.HAL_GPIO_EXTI_IRQHandler
                0x0000000008001d58       0x18 Drivers/STM32F7xx_HAL_Driver/Src/stm32f7xx_hal_gpio.o
                0x0000000008001d58                HAL_GPIO_EXTI_IRQHandler
 .text.HAL_PWREx_EnableOverDrive
                0x0000000008001d70       0x70 Drivers/STM32F7xx_HAL_Driver/Src/stm32f7xx_hal_pwr_ex.o
                0x0000000008001d70                HAL_PWREx_EnableOverDrive
 .text.HAL_RCC_OscConfig
                0x0000000008001de0      0x328 Drivers/STM32F7xx_HAL_Driver/Src/stm32f7xx_hal_rcc.o
                0x0000000008001de0                HAL_RCC_OscConfig
 .text.HAL_RCC_GetSysClockFreq
                0x0000000008002108       0x5c Drivers/STM32F7xx_HAL_Driver/Src/stm32f7xx_hal_rcc.o
                0x0000000008002108                HAL_RCC_GetSysClockFreq
 .text.HAL_RCC_ClockConfig
                0x0000000008002164      0x13c Drivers/STM32F7xx_HAL_Driver/Src/stm32f7xx_hal_rcc.o
                0x0000000008002164                HAL_RCC_ClockConfig
 .text.HAL_RCC_GetHCLKFreq
                0x00000000080022a0        0xc Drivers/STM32F7xx_HAL_Driver/Src/stm32f7xx_hal_rcc.o
                0x00000000080022a0                HAL_RCC_GetHCLKFreq
 .text.HAL_RCC_GetPCLK2Freq
                0x00000000080022ac       0x20 Drivers/STM32F7xx_HAL_Driver/Src/stm32f7xx_hal_rcc.o
                0x00000000080022ac                HAL_RCC_GetPCLK2Freq
 .text.HAL_RCC_GetClockConfig
                0x00000000080022cc       0x3c Drivers/STM32F7xx_HAL_Driver/Src/stm32f7xx_hal_rcc.o
                0x00000000080022cc                HAL_RCC_GetClockConfig
 .text.SPI_WaitFifoStateUntilTimeout.part.1
                0x0000000008002308       0x54 Drivers/STM32F7xx_HAL_Driver/Src/stm32f7xx_hal_spi.o
 .text.SPI_WaitFlagStateUntilTimeout.constprop.10
                0x000000000800235c       0x30 Drivers/STM32F7xx_HAL_Driver/Src/stm32f7xx_hal_spi.o
 .text.SPI_WaitFifoStateUntilTimeout.constprop.11
                0x000000000800238c       0x40 Drivers/STM32F7xx_HAL_Driver/Src/stm32f7xx_hal_spi.o
 .text.SPI_EndRxTxTransaction
                0x00000000080023cc       0x44 Drivers/STM32F7xx_HAL_Driver/Src/stm32f7xx_hal_spi.o
 .text.HAL_SPI_Init
                0x0000000008002410       0xaa Drivers/STM32F7xx_HAL_Driver/Src/stm32f7xx_hal_spi.o
                0x0000000008002410                HAL_SPI_Init
 .text.HAL_SPI_Transmit
                0x00000000080024ba      0x148 Drivers/STM32F7xx_HAL_Driver/Src/stm32f7xx_hal_spi.o
                0x00000000080024ba                HAL_SPI_Transmit
 .text.HAL_TIM_Base_MspInit
                0x0000000008002602        0x2 Drivers/STM32F7xx_HAL_Driver/Src/stm32f7xx_hal_tim.o
                0x0000000008002602                HAL_TIM_Base_MspInit
 .text.HAL_TIM_Base_Start_IT
                0x0000000008002604       0x16 Drivers/STM32F7xx_HAL_Driver/Src/stm32f7xx_hal_tim.o
                0x0000000008002604                HAL_TIM_Base_Start_IT
 .text.HAL_TIM_OC_DelayElapsedCallback
                0x000000000800261a        0x2 Drivers/STM32F7xx_HAL_Driver/Src/stm32f7xx_hal_tim.o
                0x000000000800261a                HAL_TIM_OC_DelayElapsedCallback
 .text.HAL_TIM_IC_CaptureCallback
                0x000000000800261c        0x2 Drivers/STM32F7xx_HAL_Driver/Src/stm32f7xx_hal_tim.o
                0x000000000800261c                HAL_TIM_IC_CaptureCallback
 .text.HAL_TIM_PWM_PulseFinishedCallback
                0x000000000800261e        0x2 Drivers/STM32F7xx_HAL_Driver/Src/stm32f7xx_hal_tim.o
                0x000000000800261e                HAL_TIM_PWM_PulseFinishedCallback
 .text.HAL_TIM_TriggerCallback
                0x0000000008002620        0x2 Drivers/STM32F7xx_HAL_Driver/Src/stm32f7xx_hal_tim.o
                0x0000000008002620                HAL_TIM_TriggerCallback
 .text.HAL_TIM_IRQHandler
                0x0000000008002622      0x160 Drivers/STM32F7xx_HAL_Driver/Src/stm32f7xx_hal_tim.o
                0x0000000008002622                HAL_TIM_IRQHandler
 *fill*         0x0000000008002782        0x2 
 .text.TIM_Base_SetConfig
                0x0000000008002784       0xd0 Drivers/STM32F7xx_HAL_Driver/Src/stm32f7xx_hal_tim.o
                0x0000000008002784                TIM_Base_SetConfig
 .text.HAL_TIM_Base_Init
                0x0000000008002854       0x34 Drivers/STM32F7xx_HAL_Driver/Src/stm32f7xx_hal_tim.o
                0x0000000008002854                HAL_TIM_Base_Init
 .text.HAL_TIMEx_CommutationCallback
                0x0000000008002888        0x2 Drivers/STM32F7xx_HAL_Driver/Src/stm32f7xx_hal_tim_ex.o
                0x0000000008002888                HAL_TIMEx_CommutationCallback
 .text.HAL_TIMEx_BreakCallback
                0x000000000800288a        0x2 Drivers/STM32F7xx_HAL_Driver/Src/stm32f7xx_hal_tim_ex.o
                0x000000000800288a                HAL_TIMEx_BreakCallback
 .text.osKernelStart
                0x000000000800288c        0xa Middlewares/Third_Party/FreeRTOS/Source/CMSIS_RTOS/cmsis_os.o
                0x000000000800288c                osKernelStart
 .text.osKernelSysTick
                0x0000000008002896        0xe Middlewares/Third_Party/FreeRTOS/Source/CMSIS_RTOS/cmsis_os.o
                0x0000000008002896                osKernelSysTick
 .text.osThreadCreate
                0x00000000080028a4       0x30 Middlewares/Third_Party/FreeRTOS/Source/CMSIS_RTOS/cmsis_os.o
                0x00000000080028a4                osThreadCreate
 .text.osThreadTerminate
                0x00000000080028d4        0xa Middlewares/Third_Party/FreeRTOS/Source/CMSIS_RTOS/cmsis_os.o
                0x00000000080028d4                osThreadTerminate
 .text.osDelay  0x00000000080028de       0x10 Middlewares/Third_Party/FreeRTOS/Source/CMSIS_RTOS/cmsis_os.o
                0x00000000080028de                osDelay
 .text.osMutexCreate
                0x00000000080028ee        0x6 Middlewares/Third_Party/FreeRTOS/Source/CMSIS_RTOS/cmsis_os.o
                0x00000000080028ee                osMutexCreate
 .text.osMutexWait
                0x00000000080028f4       0x50 Middlewares/Third_Party/FreeRTOS/Source/CMSIS_RTOS/cmsis_os.o
                0x00000000080028f4                osMutexWait
 .text.osSemaphoreCreate
                0x0000000008002944       0x26 Middlewares/Third_Party/FreeRTOS/Source/CMSIS_RTOS/cmsis_os.o
                0x0000000008002944                osSemaphoreCreate
 *fill*         0x000000000800296a        0x2 
 .text.osSemaphoreWait
                0x000000000800296c       0x50 Middlewares/Third_Party/FreeRTOS/Source/CMSIS_RTOS/cmsis_os.o
                0x000000000800296c                osSemaphoreWait
 .text.osSemaphoreRelease
                0x00000000080029bc       0x48 Middlewares/Third_Party/FreeRTOS/Source/CMSIS_RTOS/cmsis_os.o
                0x00000000080029bc                osSemaphoreRelease
 .text.osMutexRelease
                0x0000000008002a04        0x4 Middlewares/Third_Party/FreeRTOS/Source/CMSIS_RTOS/cmsis_os.o
                0x0000000008002a04                osMutexRelease
 .text.osMessageCreate
                0x0000000008002a08        0x8 Middlewares/Third_Party/FreeRTOS/Source/CMSIS_RTOS/cmsis_os.o
                0x0000000008002a08                osMessageCreate
 .text.osMessagePut
                0x0000000008002a10       0x50 Middlewares/Third_Party/FreeRTOS/Source/CMSIS_RTOS/cmsis_os.o
                0x0000000008002a10                osMessagePut
 .text.osMessageGet
                0x0000000008002a60       0x74 Middlewares/Third_Party/FreeRTOS/Source/CMSIS_RTOS/cmsis_os.o
                0x0000000008002a60                osMessageGet
 .text.osSystickHandler
                0x0000000008002ad4       0x14 Middlewares/Third_Party/FreeRTOS/Source/CMSIS_RTOS/cmsis_os.o
                0x0000000008002ad4                osSystickHandler
 .text.osMessageWaiting
                0x0000000008002ae8        0xe Middlewares/Third_Party/FreeRTOS/Source/CMSIS_RTOS/cmsis_os.o
                0x0000000008002ae8                osMessageWaiting
 .text.osMessageDelete
                0x0000000008002af6       0x14 Middlewares/Third_Party/FreeRTOS/Source/CMSIS_RTOS/cmsis_os.o
                0x0000000008002af6                osMessageDelete
 .text.osSemaphoreDelete
                0x0000000008002b0a        0x4 Middlewares/Third_Party/FreeRTOS/Source/CMSIS_RTOS/cmsis_os.o
                0x0000000008002b0a                osSemaphoreDelete
 .text.vListInitialise
                0x0000000008002b0e       0x16 Middlewares/Third_Party/FreeRTOS/Source/list.o
                0x0000000008002b0e                vListInitialise
 .text.vListInitialiseItem
                0x0000000008002b24        0x6 Middlewares/Third_Party/FreeRTOS/Source/list.o
                0x0000000008002b24                vListInitialiseItem
 .text.vListInsertEnd
                0x0000000008002b2a       0x18 Middlewares/Third_Party/FreeRTOS/Source/list.o
                0x0000000008002b2a                vListInsertEnd
 .text.vListInsert
                0x0000000008002b42       0x2e Middlewares/Third_Party/FreeRTOS/Source/list.o
                0x0000000008002b42                vListInsert
 .text.uxListRemove
                0x0000000008002b70       0x20 Middlewares/Third_Party/FreeRTOS/Source/list.o
                0x0000000008002b70                uxListRemove
 .text.prvTaskExitError
                0x0000000008002b90       0x38 Middlewares/Third_Party/FreeRTOS/Source/portable/GCC/ARM_CM7/r0p1/port.o
 .text.prvPortStartFirstTask
                0x0000000008002bc8       0x20 Middlewares/Third_Party/FreeRTOS/Source/portable/GCC/ARM_CM7/r0p1/port.o
 .text.vPortEnableVFP
                0x0000000008002be8       0x14 Middlewares/Third_Party/FreeRTOS/Source/portable/GCC/ARM_CM7/r0p1/port.o
 .text.pxPortInitialiseStack
                0x0000000008002bfc       0x24 Middlewares/Third_Party/FreeRTOS/Source/portable/GCC/ARM_CM7/r0p1/port.o
                0x0000000008002bfc                pxPortInitialiseStack
 .text.SVC_Handler
                0x0000000008002c20       0x24 Middlewares/Third_Party/FreeRTOS/Source/portable/GCC/ARM_CM7/r0p1/port.o
                0x0000000008002c20                SVC_Handler
 .text.vPortEnterCritical
                0x0000000008002c44       0x4c Middlewares/Third_Party/FreeRTOS/Source/portable/GCC/ARM_CM7/r0p1/port.o
                0x0000000008002c44                vPortEnterCritical
 .text.vPortExitCritical
                0x0000000008002c90       0x2c Middlewares/Third_Party/FreeRTOS/Source/portable/GCC/ARM_CM7/r0p1/port.o
                0x0000000008002c90                vPortExitCritical
 *fill*         0x0000000008002cbc        0x4 
 .text.PendSV_Handler
                0x0000000008002cc0       0x64 Middlewares/Third_Party/FreeRTOS/Source/portable/GCC/ARM_CM7/r0p1/port.o
                0x0000000008002cc0                PendSV_Handler
 .text.xPortSysTickHandler
                0x0000000008002d24       0x30 Middlewares/Third_Party/FreeRTOS/Source/portable/GCC/ARM_CM7/r0p1/port.o
                0x0000000008002d24                xPortSysTickHandler
 .text.vPortSetupTimerInterrupt
                0x0000000008002d54       0x28 Middlewares/Third_Party/FreeRTOS/Source/portable/GCC/ARM_CM7/r0p1/port.o
                0x0000000008002d54                vPortSetupTimerInterrupt
 .text.xPortStartScheduler
                0x0000000008002d7c       0xa8 Middlewares/Third_Party/FreeRTOS/Source/portable/GCC/ARM_CM7/r0p1/port.o
                0x0000000008002d7c                xPortStartScheduler
 .text.vPortValidateInterruptPriority
                0x0000000008002e24       0x64 Middlewares/Third_Party/FreeRTOS/Source/portable/GCC/ARM_CM7/r0p1/port.o
                0x0000000008002e24                vPortValidateInterruptPriority
 .text.unlikely.prvInsertBlockIntoFreeList
                0x0000000008002e88       0x48 Middlewares/Third_Party/FreeRTOS/Source/portable/MemMang/heap_4.o
 .text.pvPortMalloc
                0x0000000008002ed0      0x124 Middlewares/Third_Party/FreeRTOS/Source/portable/MemMang/heap_4.o
                0x0000000008002ed0                pvPortMalloc
 .text.vPortFree
                0x0000000008002ff4       0x78 Middlewares/Third_Party/FreeRTOS/Source/portable/MemMang/heap_4.o
                0x0000000008002ff4                vPortFree
 .text.unlikely.prvCopyDataToQueue
                0x000000000800306c       0x66 Middlewares/Third_Party/FreeRTOS/Source/queue.o
 .text.unlikely.prvCopyDataFromQueue
                0x00000000080030d2       0x2a Middlewares/Third_Party/FreeRTOS/Source/queue.o
 .text.prvUnlockQueue
                0x00000000080030fc       0x70 Middlewares/Third_Party/FreeRTOS/Source/queue.o
 .text.xQueueGenericReset
                0x000000000800316c       0x84 Middlewares/Third_Party/FreeRTOS/Source/queue.o
                0x000000000800316c                xQueueGenericReset
 .text.xQueueGenericCreate
                0x00000000080031f0       0x46 Middlewares/Third_Party/FreeRTOS/Source/queue.o
                0x00000000080031f0                xQueueGenericCreate
 *fill*         0x0000000008003236        0x2 
 .text.xQueueGenericSend
                0x0000000008003238      0x17c Middlewares/Third_Party/FreeRTOS/Source/queue.o
                0x0000000008003238                xQueueGenericSend
 .text.xQueueCreateMutex
                0x00000000080033b4       0x24 Middlewares/Third_Party/FreeRTOS/Source/queue.o
                0x00000000080033b4                xQueueCreateMutex
 .text.xQueueGenericSendFromISR
                0x00000000080033d8       0xd4 Middlewares/Third_Party/FreeRTOS/Source/queue.o
                0x00000000080033d8                xQueueGenericSendFromISR
 .text.xQueueGiveFromISR
                0x00000000080034ac       0xba Middlewares/Third_Party/FreeRTOS/Source/queue.o
                0x00000000080034ac                xQueueGiveFromISR
 *fill*         0x0000000008003566        0x2 
 .text.xQueueGenericReceive
                0x0000000008003568      0x194 Middlewares/Third_Party/FreeRTOS/Source/queue.o
                0x0000000008003568                xQueueGenericReceive
 .text.xQueueReceiveFromISR
                0x00000000080036fc       0xac Middlewares/Third_Party/FreeRTOS/Source/queue.o
                0x00000000080036fc                xQueueReceiveFromISR
 .text.uxQueueMessagesWaiting
                0x00000000080037a8       0x2a Middlewares/Third_Party/FreeRTOS/Source/queue.o
                0x00000000080037a8                uxQueueMessagesWaiting
 .text.uxQueueMessagesWaitingFromISR
                0x00000000080037d2       0x1c Middlewares/Third_Party/FreeRTOS/Source/queue.o
                0x00000000080037d2                uxQueueMessagesWaitingFromISR
 *fill*         0x00000000080037ee        0x2 
 .text.vQueueUnregisterQueue
                0x00000000080037f0       0x28 Middlewares/Third_Party/FreeRTOS/Source/queue.o
                0x00000000080037f0                vQueueUnregisterQueue
 .text.vQueueDelete
                0x0000000008003818       0x2a Middlewares/Third_Party/FreeRTOS/Source/queue.o
                0x0000000008003818                vQueueDelete
 *fill*         0x0000000008003842        0x2 
 .text.prvResetNextTaskUnblockTime
                0x0000000008003844       0x24 Middlewares/Third_Party/FreeRTOS/Source/tasks.o
 .text.prvAddCurrentTaskToDelayedList
                0x0000000008003868       0x8c Middlewares/Third_Party/FreeRTOS/Source/tasks.o
 .text.vTaskSetTimeOutState.part.5
                0x00000000080038f4       0x16 Middlewares/Third_Party/FreeRTOS/Source/tasks.o
 *fill*         0x000000000800390a        0x2 
 .text.xTaskCreate
                0x000000000800390c      0x1a0 Middlewares/Third_Party/FreeRTOS/Source/tasks.o
                0x000000000800390c                xTaskCreate
 .text.vTaskDelete
                0x0000000008003aac       0xdc Middlewares/Third_Party/FreeRTOS/Source/tasks.o
                0x0000000008003aac                vTaskDelete
 .text.vTaskStartScheduler
                0x0000000008003b88       0x80 Middlewares/Third_Party/FreeRTOS/Source/tasks.o
                0x0000000008003b88                vTaskStartScheduler
 .text.vTaskSuspendAll
                0x0000000008003c08       0x10 Middlewares/Third_Party/FreeRTOS/Source/tasks.o
                0x0000000008003c08                vTaskSuspendAll
 .text.xTaskGetTickCount
                0x0000000008003c18        0xc Middlewares/Third_Party/FreeRTOS/Source/tasks.o
                0x0000000008003c18                xTaskGetTickCount
 .text.xTaskGetTickCountFromISR
                0x0000000008003c24       0x10 Middlewares/Third_Party/FreeRTOS/Source/tasks.o
                0x0000000008003c24                xTaskGetTickCountFromISR
 .text.xTaskIncrementTick
                0x0000000008003c34      0x128 Middlewares/Third_Party/FreeRTOS/Source/tasks.o
                0x0000000008003c34                xTaskIncrementTick
 .text.xTaskResumeAll
                0x0000000008003d5c       0xf4 Middlewares/Third_Party/FreeRTOS/Source/tasks.o
                0x0000000008003d5c                xTaskResumeAll
 .text.vTaskDelay
                0x0000000008003e50       0x4c Middlewares/Third_Party/FreeRTOS/Source/tasks.o
                0x0000000008003e50                vTaskDelay
 .text.prvIdleTask
                0x0000000008003e9c       0x74 Middlewares/Third_Party/FreeRTOS/Source/tasks.o
 .text.vTaskSwitchContext
                0x0000000008003f10       0x78 Middlewares/Third_Party/FreeRTOS/Source/tasks.o
                0x0000000008003f10                vTaskSwitchContext
 .text.vTaskPlaceOnEventList
                0x0000000008003f88       0x38 Middlewares/Third_Party/FreeRTOS/Source/tasks.o
                0x0000000008003f88                vTaskPlaceOnEventList
 .text.xTaskRemoveFromEventList
                0x0000000008003fc0       0x88 Middlewares/Third_Party/FreeRTOS/Source/tasks.o
                0x0000000008003fc0                xTaskRemoveFromEventList
 .text.vTaskSetTimeOutState
                0x0000000008004048       0x20 Middlewares/Third_Party/FreeRTOS/Source/tasks.o
                0x0000000008004048                vTaskSetTimeOutState
 .text.xTaskCheckForTimeOut
                0x0000000008004068       0x7c Middlewares/Third_Party/FreeRTOS/Source/tasks.o
                0x0000000008004068                xTaskCheckForTimeOut
 .text.vTaskMissedYield
                0x00000000080040e4        0xc Middlewares/Third_Party/FreeRTOS/Source/tasks.o
                0x00000000080040e4                vTaskMissedYield
 .text.xTaskGetSchedulerState
                0x00000000080040f0       0x20 Middlewares/Third_Party/FreeRTOS/Source/tasks.o
                0x00000000080040f0                xTaskGetSchedulerState
 .text.vTaskPriorityInherit
                0x0000000008004110       0x8c Middlewares/Third_Party/FreeRTOS/Source/tasks.o
                0x0000000008004110                vTaskPriorityInherit
 .text.xTaskPriorityDisinherit
                0x000000000800419c       0xa8 Middlewares/Third_Party/FreeRTOS/Source/tasks.o
                0x000000000800419c                xTaskPriorityDisinherit
 .text.pvTaskIncrementMutexHeldCount
                0x0000000008004244       0x18 Middlewares/Third_Party/FreeRTOS/Source/tasks.o
                0x0000000008004244                pvTaskIncrementMutexHeldCount
 .text.netconn_apimsg
                0x000000000800425c       0x14 Middlewares/Third_Party/LwIP/src/api/api_lib.o
 .text.netconn_close_shutdown
                0x0000000008004270       0x44 Middlewares/Third_Party/LwIP/src/api/api_lib.o
 .text.netconn_recv_data
                0x00000000080042b4      0x130 Middlewares/Third_Party/LwIP/src/api/api_lib.o
 .text.netconn_new_with_proto_and_callback
                0x00000000080043e4       0xb4 Middlewares/Third_Party/LwIP/src/api/api_lib.o
                0x00000000080043e4                netconn_new_with_proto_and_callback
 .text.netconn_delete
                0x0000000008004498       0x30 Middlewares/Third_Party/LwIP/src/api/api_lib.o
                0x0000000008004498                netconn_delete
 .text.netconn_bind
                0x00000000080044c8       0x48 Middlewares/Third_Party/LwIP/src/api/api_lib.o
                0x00000000080044c8                netconn_bind
 .text.netconn_listen_with_backlog
                0x0000000008004510       0x3c Middlewares/Third_Party/LwIP/src/api/api_lib.o
                0x0000000008004510                netconn_listen_with_backlog
 .text.netconn_accept
                0x000000000800454c       0xac Middlewares/Third_Party/LwIP/src/api/api_lib.o
                0x000000000800454c                netconn_accept
 .text.netconn_recv
                0x00000000080045f8       0xa0 Middlewares/Third_Party/LwIP/src/api/api_lib.o
                0x00000000080045f8                netconn_recv
 .text.netconn_write_partly
                0x0000000008004698       0x94 Middlewares/Third_Party/LwIP/src/api/api_lib.o
                0x0000000008004698                netconn_write_partly
 .text.netconn_close
                0x000000000800472c        0x6 Middlewares/Third_Party/LwIP/src/api/api_lib.o
                0x000000000800472c                netconn_close
 *fill*         0x0000000008004732        0x2 
 .text.recv_udp
                0x0000000008004734       0xb0 Middlewares/Third_Party/LwIP/src/api/api_msg.o
 .text.setup_tcp
                0x00000000080047e4       0x44 Middlewares/Third_Party/LwIP/src/api/api_msg.o
 .text.err_tcp  0x0000000008004828      0x12c Middlewares/Third_Party/LwIP/src/api/api_msg.o
 .text.lwip_netconn_do_writemore
                0x0000000008004954      0x200 Middlewares/Third_Party/LwIP/src/api/api_msg.o
 .text.lwip_netconn_do_close_internal
                0x0000000008004b54      0x1fc Middlewares/Third_Party/LwIP/src/api/api_msg.o
 .text.poll_tcp
                0x0000000008004d50       0x7c Middlewares/Third_Party/LwIP/src/api/api_msg.o
 .text.recv_tcp
                0x0000000008004dcc       0xc4 Middlewares/Third_Party/LwIP/src/api/api_msg.o
 .text.sent_tcp
                0x0000000008004e90       0x70 Middlewares/Third_Party/LwIP/src/api/api_msg.o
 .text.lwip_netconn_do_newconn
                0x0000000008004f00       0x80 Middlewares/Third_Party/LwIP/src/api/api_msg.o
                0x0000000008004f00                lwip_netconn_do_newconn
 .text.netconn_alloc
                0x0000000008004f80       0x94 Middlewares/Third_Party/LwIP/src/api/api_msg.o
                0x0000000008004f80                netconn_alloc
 .text.netconn_free
                0x0000000008005014       0x78 Middlewares/Third_Party/LwIP/src/api/api_msg.o
                0x0000000008005014                netconn_free
 .text.netconn_drain
                0x000000000800508c       0xa0 Middlewares/Third_Party/LwIP/src/api/api_msg.o
 .text.accept_function
                0x000000000800512c       0xdc Middlewares/Third_Party/LwIP/src/api/api_msg.o
 .text.lwip_netconn_do_delconn
                0x0000000008005208      0x130 Middlewares/Third_Party/LwIP/src/api/api_msg.o
                0x0000000008005208                lwip_netconn_do_delconn
 .text.lwip_netconn_do_bind
                0x0000000008005338       0x60 Middlewares/Third_Party/LwIP/src/api/api_msg.o
                0x0000000008005338                lwip_netconn_do_bind
 .text.lwip_netconn_do_listen
                0x0000000008005398       0xdc Middlewares/Third_Party/LwIP/src/api/api_msg.o
                0x0000000008005398                lwip_netconn_do_listen
 .text.lwip_netconn_do_recv
                0x0000000008005474       0x56 Middlewares/Third_Party/LwIP/src/api/api_msg.o
                0x0000000008005474                lwip_netconn_do_recv
 *fill*         0x00000000080054ca        0x2 
 .text.lwip_netconn_do_write
                0x00000000080054cc       0xe8 Middlewares/Third_Party/LwIP/src/api/api_msg.o
                0x00000000080054cc                lwip_netconn_do_write
 .text.lwip_netconn_do_close
                0x00000000080055b4       0xd4 Middlewares/Third_Party/LwIP/src/api/api_msg.o
                0x00000000080055b4                lwip_netconn_do_close
 .text.netbuf_delete
                0x0000000008005688       0x22 Middlewares/Third_Party/LwIP/src/api/netbuf.o
                0x0000000008005688                netbuf_delete
 *fill*         0x00000000080056aa        0x2 
 .text.netbuf_data
                0x00000000080056ac       0x58 Middlewares/Third_Party/LwIP/src/api/netbuf.o
                0x00000000080056ac                netbuf_data
 .text.tcpip_thread
                0x0000000008005704       0xac Middlewares/Third_Party/LwIP/src/api/tcpip.o
 .text.tcpip_inpkt
                0x00000000080057b0       0x58 Middlewares/Third_Party/LwIP/src/api/tcpip.o
                0x00000000080057b0                tcpip_inpkt
 .text.tcpip_input
                0x0000000008005808       0x1c Middlewares/Third_Party/LwIP/src/api/tcpip.o
                0x0000000008005808                tcpip_input
 .text.tcpip_callback_with_block
                0x0000000008005824       0x60 Middlewares/Third_Party/LwIP/src/api/tcpip.o
                0x0000000008005824                tcpip_callback_with_block
 .text.tcpip_send_msg_wait_sem
                0x0000000008005884       0x20 Middlewares/Third_Party/LwIP/src/api/tcpip.o
                0x0000000008005884                tcpip_send_msg_wait_sem
 .text.tcpip_init
                0x00000000080058a4       0x80 Middlewares/Third_Party/LwIP/src/api/tcpip.o
                0x00000000080058a4                tcpip_init
 .text.lwip_htons
                0x0000000008005924        0x6 Middlewares/Third_Party/LwIP/src/core/def.o
                0x0000000008005924                lwip_htons
 .text.lwip_htonl
                0x000000000800592a        0x4 Middlewares/Third_Party/LwIP/src/core/def.o
                0x000000000800592a                lwip_htonl
 .text.lwip_init
                0x000000000800592e       0x22 Middlewares/Third_Party/LwIP/src/core/init.o
                0x000000000800592e                lwip_init
 .text.etharp_free_entry
                0x0000000008005950       0x28 Middlewares/Third_Party/LwIP/src/core/ipv4/etharp.o
 .text.etharp_raw
                0x0000000008005978       0xd8 Middlewares/Third_Party/LwIP/src/core/ipv4/etharp.o
 .text.etharp_find_entry.isra.0
                0x0000000008005a50      0x114 Middlewares/Third_Party/LwIP/src/core/ipv4/etharp.o
 .text.etharp_cleanup_netif
                0x0000000008005b64       0x28 Middlewares/Third_Party/LwIP/src/core/ipv4/etharp.o
                0x0000000008005b64                etharp_cleanup_netif
 .text.etharp_input
                0x0000000008005b8c      0x13c Middlewares/Third_Party/LwIP/src/core/ipv4/etharp.o
                0x0000000008005b8c                etharp_input
 .text.etharp_request
                0x0000000008005cc8       0x2c Middlewares/Third_Party/LwIP/src/core/ipv4/etharp.o
                0x0000000008005cc8                etharp_request
 .text.etharp_tmr
                0x0000000008005cf4       0x54 Middlewares/Third_Party/LwIP/src/core/ipv4/etharp.o
                0x0000000008005cf4                etharp_tmr
 .text.etharp_output_to_arp_index
                0x0000000008005d48       0xb8 Middlewares/Third_Party/LwIP/src/core/ipv4/etharp.o
 .text.etharp_query
                0x0000000008005e00      0x150 Middlewares/Third_Party/LwIP/src/core/ipv4/etharp.o
                0x0000000008005e00                etharp_query
 .text.etharp_output
                0x0000000008005f50      0x128 Middlewares/Third_Party/LwIP/src/core/ipv4/etharp.o
                0x0000000008005f50                etharp_output
 .text.icmp_send_response.isra.0
                0x0000000008006078       0x94 Middlewares/Third_Party/LwIP/src/core/ipv4/icmp.o
 .text.icmp_input
                0x000000000800610c      0x130 Middlewares/Third_Party/LwIP/src/core/ipv4/icmp.o
                0x000000000800610c                icmp_input
 .text.icmp_dest_unreach
                0x000000000800623c        0xa Middlewares/Third_Party/LwIP/src/core/ipv4/icmp.o
                0x000000000800623c                icmp_dest_unreach
 .text.icmp_time_exceeded
                0x0000000008006246        0xa Middlewares/Third_Party/LwIP/src/core/ipv4/icmp.o
                0x0000000008006246                icmp_time_exceeded
 .text.ip4_route
                0x0000000008006250       0x58 Middlewares/Third_Party/LwIP/src/core/ipv4/ip4.o
                0x0000000008006250                ip4_route
 .text.ip4_input
                0x00000000080062a8      0x184 Middlewares/Third_Party/LwIP/src/core/ipv4/ip4.o
                0x00000000080062a8                ip4_input
 .text.ip4_output_if_src
                0x000000000800642c       0xf0 Middlewares/Third_Party/LwIP/src/core/ipv4/ip4.o
                0x000000000800642c                ip4_output_if_src
 .text.ip4_output_if
                0x000000000800651c       0x22 Middlewares/Third_Party/LwIP/src/core/ipv4/ip4.o
                0x000000000800651c                ip4_output_if
 .text.ip4_addr_isbroadcast_u32
                0x000000000800653e       0x32 Middlewares/Third_Party/LwIP/src/core/ipv4/ip4_addr.o
                0x000000000800653e                ip4_addr_isbroadcast_u32
 .text.ip_reass_dequeue_datagram
                0x0000000008006570       0x44 Middlewares/Third_Party/LwIP/src/core/ipv4/ip4_frag.o
 .text.ip_reass_free_complete_datagram
                0x00000000080065b4       0xe8 Middlewares/Third_Party/LwIP/src/core/ipv4/ip4_frag.o
 .text.ip_reass_remove_oldest_datagram
                0x000000000800669c       0x78 Middlewares/Third_Party/LwIP/src/core/ipv4/ip4_frag.o
 .text.ip_frag_free_pbuf_custom_ref
                0x0000000008006714       0x2c Middlewares/Third_Party/LwIP/src/core/ipv4/ip4_frag.o
 .text.ipfrag_free_pbuf_custom
                0x0000000008006740       0x34 Middlewares/Third_Party/LwIP/src/core/ipv4/ip4_frag.o
 .text.ip_reass_tmr
                0x0000000008006774       0x28 Middlewares/Third_Party/LwIP/src/core/ipv4/ip4_frag.o
                0x0000000008006774                ip_reass_tmr
 .text.ip4_reass
                0x000000000800679c      0x354 Middlewares/Third_Party/LwIP/src/core/ipv4/ip4_frag.o
                0x000000000800679c                ip4_reass
 .text.ip4_frag
                0x0000000008006af0      0x1b4 Middlewares/Third_Party/LwIP/src/core/ipv4/ip4_frag.o
                0x0000000008006af0                ip4_frag
 .text.mem_init
                0x0000000008006ca4       0x6c Middlewares/Third_Party/LwIP/src/core/mem.o
                0x0000000008006ca4                mem_init
 .text.mem_free
                0x0000000008006d10      0x174 Middlewares/Third_Party/LwIP/src/core/mem.o
                0x0000000008006d10                mem_free
 .text.mem_trim
                0x0000000008006e84      0x118 Middlewares/Third_Party/LwIP/src/core/mem.o
                0x0000000008006e84                mem_trim
 .text.mem_malloc
                0x0000000008006f9c      0x13c Middlewares/Third_Party/LwIP/src/core/mem.o
                0x0000000008006f9c                mem_malloc
 .text.do_memp_malloc_pool.isra.0
                0x00000000080070d8       0x3c Middlewares/Third_Party/LwIP/src/core/memp.o
 .text.do_memp_free_pool.isra.1
                0x0000000008007114       0x38 Middlewares/Third_Party/LwIP/src/core/memp.o
 .text.memp_init_pool
                0x000000000800714c       0x26 Middlewares/Third_Party/LwIP/src/core/memp.o
                0x000000000800714c                memp_init_pool
 *fill*         0x0000000008007172        0x2 
 .text.memp_init
                0x0000000008007174       0x1c Middlewares/Third_Party/LwIP/src/core/memp.o
                0x0000000008007174                memp_init
 .text.memp_malloc
                0x0000000008007190       0x38 Middlewares/Third_Party/LwIP/src/core/memp.o
                0x0000000008007190                memp_malloc
 .text.memp_free
                0x00000000080071c8       0x34 Middlewares/Third_Party/LwIP/src/core/memp.o
                0x00000000080071c8                memp_free
 .text.netif_issue_reports.part.0
                0x00000000080071fc       0x12 Middlewares/Third_Party/LwIP/src/core/netif.o
 .text.netif_init
                0x000000000800720e        0x2 Middlewares/Third_Party/LwIP/src/core/netif.o
                0x000000000800720e                netif_init
 .text.netif_set_ipaddr
                0x0000000008007210       0x44 Middlewares/Third_Party/LwIP/src/core/netif.o
                0x0000000008007210                netif_set_ipaddr
 .text.netif_set_addr
                0x0000000008007254       0x38 Middlewares/Third_Party/LwIP/src/core/netif.o
                0x0000000008007254                netif_set_addr
 .text.netif_add
                0x000000000800728c       0x7c Middlewares/Third_Party/LwIP/src/core/netif.o
                0x000000000800728c                netif_add
 .text.netif_set_default
                0x0000000008007308        0xc Middlewares/Third_Party/LwIP/src/core/netif.o
                0x0000000008007308                netif_set_default
 .text.netif_set_up
                0x0000000008007314       0x1e Middlewares/Third_Party/LwIP/src/core/netif.o
                0x0000000008007314                netif_set_up
 .text.netif_set_down
                0x0000000008007332       0x1a Middlewares/Third_Party/LwIP/src/core/netif.o
                0x0000000008007332                netif_set_down
 .text.pbuf_free_ooseq_callback
                0x000000000800734c       0x34 Middlewares/Third_Party/LwIP/src/core/pbuf.o
 .text.pbuf_header_impl
                0x0000000008007380       0x9c Middlewares/Third_Party/LwIP/src/core/pbuf.o
 .text.pbuf_pool_is_empty
                0x000000000800741c       0x3c Middlewares/Third_Party/LwIP/src/core/pbuf.o
 .text.pbuf_alloced_custom
                0x0000000008007458       0x70 Middlewares/Third_Party/LwIP/src/core/pbuf.o
                0x0000000008007458                pbuf_alloced_custom
 .text.pbuf_header
                0x00000000080074c8        0x6 Middlewares/Third_Party/LwIP/src/core/pbuf.o
                0x00000000080074c8                pbuf_header
 .text.pbuf_header_force
                0x00000000080074ce        0x6 Middlewares/Third_Party/LwIP/src/core/pbuf.o
                0x00000000080074ce                pbuf_header_force
 .text.pbuf_free
                0x00000000080074d4       0xd4 Middlewares/Third_Party/LwIP/src/core/pbuf.o
                0x00000000080074d4                pbuf_free
 .text.pbuf_alloc
                0x00000000080075a8      0x1b8 Middlewares/Third_Party/LwIP/src/core/pbuf.o
                0x00000000080075a8                pbuf_alloc
 .text.pbuf_realloc
                0x0000000008007760       0xe0 Middlewares/Third_Party/LwIP/src/core/pbuf.o
                0x0000000008007760                pbuf_realloc
 .text.pbuf_clen
                0x0000000008007840       0x10 Middlewares/Third_Party/LwIP/src/core/pbuf.o
                0x0000000008007840                pbuf_clen
 .text.pbuf_ref
                0x0000000008007850       0x38 Middlewares/Third_Party/LwIP/src/core/pbuf.o
                0x0000000008007850                pbuf_ref
 .text.pbuf_cat
                0x0000000008007888       0x74 Middlewares/Third_Party/LwIP/src/core/pbuf.o
                0x0000000008007888                pbuf_cat
 .text.pbuf_copy
                0x00000000080078fc      0x114 Middlewares/Third_Party/LwIP/src/core/pbuf.o
                0x00000000080078fc                pbuf_copy
 .text.pbuf_copy_partial
                0x0000000008007a10       0x8c Middlewares/Third_Party/LwIP/src/core/pbuf.o
                0x0000000008007a10                pbuf_copy_partial
 .text.tcp_new_port
                0x0000000008007a9c       0x54 Middlewares/Third_Party/LwIP/src/core/tcp.o
 .text.tcp_close_shutdown_fin
                0x0000000008007af0       0x60 Middlewares/Third_Party/LwIP/src/core/tcp.o
 .text.tcp_init
                0x0000000008007b50        0x2 Middlewares/Third_Party/LwIP/src/core/tcp.o
                0x0000000008007b50                tcp_init
 *fill*         0x0000000008007b52        0x2 
 .text.tcp_bind
                0x0000000008007b54       0xac Middlewares/Third_Party/LwIP/src/core/tcp.o
                0x0000000008007b54                tcp_bind
 .text.tcp_listen_with_backlog_and_err
                0x0000000008007c00       0xd8 Middlewares/Third_Party/LwIP/src/core/tcp.o
                0x0000000008007c00                tcp_listen_with_backlog_and_err
 .text.tcp_update_rcv_ann_wnd
                0x0000000008007cd8       0x58 Middlewares/Third_Party/LwIP/src/core/tcp.o
                0x0000000008007cd8                tcp_update_rcv_ann_wnd
 .text.tcp_recved
                0x0000000008007d30       0x7c Middlewares/Third_Party/LwIP/src/core/tcp.o
                0x0000000008007d30                tcp_recved
 .text.tcp_seg_free
                0x0000000008007dac       0x1c Middlewares/Third_Party/LwIP/src/core/tcp.o
                0x0000000008007dac                tcp_seg_free
 .text.tcp_segs_free
                0x0000000008007dc8       0x10 Middlewares/Third_Party/LwIP/src/core/tcp.o
                0x0000000008007dc8                tcp_segs_free
 .text.tcp_seg_copy
                0x0000000008007dd8       0x2c Middlewares/Third_Party/LwIP/src/core/tcp.o
                0x0000000008007dd8                tcp_seg_copy
 .text.tcp_arg  0x0000000008007e04        0x6 Middlewares/Third_Party/LwIP/src/core/tcp.o
                0x0000000008007e04                tcp_arg
 *fill*         0x0000000008007e0a        0x2 
 .text.tcp_recv
                0x0000000008007e0c       0x30 Middlewares/Third_Party/LwIP/src/core/tcp.o
                0x0000000008007e0c                tcp_recv
 .text.tcp_sent
                0x0000000008007e3c       0x2c Middlewares/Third_Party/LwIP/src/core/tcp.o
                0x0000000008007e3c                tcp_sent
 .text.tcp_err  0x0000000008007e68       0x30 Middlewares/Third_Party/LwIP/src/core/tcp.o
                0x0000000008007e68                tcp_err
 .text.tcp_accept
                0x0000000008007e98        0xc Middlewares/Third_Party/LwIP/src/core/tcp.o
                0x0000000008007e98                tcp_accept
 .text.tcp_poll
                0x0000000008007ea4       0x30 Middlewares/Third_Party/LwIP/src/core/tcp.o
                0x0000000008007ea4                tcp_poll
 .text.tcp_pcb_purge
                0x0000000008007ed4       0x40 Middlewares/Third_Party/LwIP/src/core/tcp.o
                0x0000000008007ed4                tcp_pcb_purge
 .text.tcp_slowtmr
                0x0000000008007f14      0x3c4 Middlewares/Third_Party/LwIP/src/core/tcp.o
                0x0000000008007f14                tcp_slowtmr
 .text.tcp_pcb_remove
                0x00000000080082d8       0xa0 Middlewares/Third_Party/LwIP/src/core/tcp.o
                0x00000000080082d8                tcp_pcb_remove
 .text.tcp_close_shutdown
                0x0000000008008378      0x14c Middlewares/Third_Party/LwIP/src/core/tcp.o
 .text.tcp_close
                0x00000000080084c4       0x14 Middlewares/Third_Party/LwIP/src/core/tcp.o
                0x00000000080084c4                tcp_close
 .text.tcp_recv_null
                0x00000000080084d8       0x24 Middlewares/Third_Party/LwIP/src/core/tcp.o
                0x00000000080084d8                tcp_recv_null
 .text.tcp_process_refused_data
                0x00000000080084fc       0x66 Middlewares/Third_Party/LwIP/src/core/tcp.o
                0x00000000080084fc                tcp_process_refused_data
 *fill*         0x0000000008008562        0x2 
 .text.tcp_fasttmr
                0x0000000008008564       0x80 Middlewares/Third_Party/LwIP/src/core/tcp.o
                0x0000000008008564                tcp_fasttmr
 .text.tcp_tmr  0x00000000080085e4       0x24 Middlewares/Third_Party/LwIP/src/core/tcp.o
                0x00000000080085e4                tcp_tmr
 .text.tcp_shutdown
                0x0000000008008608       0x4a Middlewares/Third_Party/LwIP/src/core/tcp.o
                0x0000000008008608                tcp_shutdown
 *fill*         0x0000000008008652        0x2 
 .text.tcp_abandon
                0x0000000008008654       0xec Middlewares/Third_Party/LwIP/src/core/tcp.o
                0x0000000008008654                tcp_abandon
 .text.tcp_abort
                0x0000000008008740        0x6 Middlewares/Third_Party/LwIP/src/core/tcp.o
                0x0000000008008740                tcp_abort
 .text.tcp_accept_null
                0x0000000008008746        0xe Middlewares/Third_Party/LwIP/src/core/tcp.o
 .text.tcp_netif_ip_addr_changed_pcblist
                0x0000000008008754       0x1c Middlewares/Third_Party/LwIP/src/core/tcp.o
 .text.tcp_kill_state
                0x0000000008008770       0x60 Middlewares/Third_Party/LwIP/src/core/tcp.o
 .text.tcp_alloc
                0x00000000080087d0      0x120 Middlewares/Third_Party/LwIP/src/core/tcp.o
                0x00000000080087d0                tcp_alloc
 .text.tcp_new_ip_type
                0x00000000080088f0        0x6 Middlewares/Third_Party/LwIP/src/core/tcp.o
                0x00000000080088f0                tcp_new_ip_type
 *fill*         0x00000000080088f6        0x2 
 .text.tcp_next_iss
                0x00000000080088f8       0x18 Middlewares/Third_Party/LwIP/src/core/tcp.o
                0x00000000080088f8                tcp_next_iss
 .text.tcp_eff_send_mss_impl
                0x0000000008008910       0x1e Middlewares/Third_Party/LwIP/src/core/tcp.o
                0x0000000008008910                tcp_eff_send_mss_impl
 *fill*         0x000000000800892e        0x2 
 .text.tcp_netif_ip_addr_changed
                0x0000000008008930       0x4c Middlewares/Third_Party/LwIP/src/core/tcp.o
                0x0000000008008930                tcp_netif_ip_addr_changed
 .text.tcp_oos_insert_segment
                0x000000000800897c       0x7c Middlewares/Third_Party/LwIP/src/core/tcp_in.o
 .text.tcp_receive
                0x00000000080089f8      0x9a8 Middlewares/Third_Party/LwIP/src/core/tcp_in.o
 .text.tcp_getoptbyte
                0x00000000080093a0       0x40 Middlewares/Third_Party/LwIP/src/core/tcp_in.o
 .text.tcp_parseopt.isra.1.part.2
                0x00000000080093e0       0x70 Middlewares/Third_Party/LwIP/src/core/tcp_in.o
 .text.tcp_input_delayed_close
                0x0000000008009450       0x40 Middlewares/Third_Party/LwIP/src/core/tcp_in.o
 .text.tcp_input
                0x0000000008009490      0xa10 Middlewares/Third_Party/LwIP/src/core/tcp_in.o
                0x0000000008009490                tcp_input
 .text.tcp_trigger_input_pcb_close
                0x0000000008009ea0       0x10 Middlewares/Third_Party/LwIP/src/core/tcp_in.o
                0x0000000008009ea0                tcp_trigger_input_pcb_close
 .text.tcp_pbuf_prealloc
                0x0000000008009eb0       0x74 Middlewares/Third_Party/LwIP/src/core/tcp_out.o
 .text.tcp_create_segment
                0x0000000008009f24       0xcc Middlewares/Third_Party/LwIP/src/core/tcp_out.o
 .text.tcp_output_alloc_header.constprop.0
                0x0000000008009ff0       0x78 Middlewares/Third_Party/LwIP/src/core/tcp_out.o
 .text.tcp_write
                0x000000000800a068      0x52c Middlewares/Third_Party/LwIP/src/core/tcp_out.o
                0x000000000800a068                tcp_write
 .text.tcp_enqueue_flags
                0x000000000800a594      0x12c Middlewares/Third_Party/LwIP/src/core/tcp_out.o
                0x000000000800a594                tcp_enqueue_flags
 .text.tcp_send_fin
                0x000000000800a6c0       0x44 Middlewares/Third_Party/LwIP/src/core/tcp_out.o
                0x000000000800a6c0                tcp_send_fin
 .text.tcp_send_empty_ack
                0x000000000800a704       0x6a Middlewares/Third_Party/LwIP/src/core/tcp_out.o
                0x000000000800a704                tcp_send_empty_ack
 *fill*         0x000000000800a76e        0x2 
 .text.tcp_output
                0x000000000800a770      0x2fc Middlewares/Third_Party/LwIP/src/core/tcp_out.o
                0x000000000800a770                tcp_output
 .text.tcp_rst  0x000000000800aa6c       0xb4 Middlewares/Third_Party/LwIP/src/core/tcp_out.o
                0x000000000800aa6c                tcp_rst
 .text.tcp_rexmit_rto
                0x000000000800ab20       0x38 Middlewares/Third_Party/LwIP/src/core/tcp_out.o
                0x000000000800ab20                tcp_rexmit_rto
 .text.tcp_rexmit
                0x000000000800ab58       0x52 Middlewares/Third_Party/LwIP/src/core/tcp_out.o
                0x000000000800ab58                tcp_rexmit
 .text.tcp_rexmit_fast
                0x000000000800abaa       0x4e Middlewares/Third_Party/LwIP/src/core/tcp_out.o
                0x000000000800abaa                tcp_rexmit_fast
 .text.tcp_keepalive
                0x000000000800abf8       0x54 Middlewares/Third_Party/LwIP/src/core/tcp_out.o
                0x000000000800abf8                tcp_keepalive
 .text.tcp_zero_window_probe
                0x000000000800ac4c       0xbe Middlewares/Third_Party/LwIP/src/core/tcp_out.o
                0x000000000800ac4c                tcp_zero_window_probe
 *fill*         0x000000000800ad0a        0x2 
 .text.sys_timeout
                0x000000000800ad0c       0xa4 Middlewares/Third_Party/LwIP/src/core/timeouts.o
                0x000000000800ad0c                sys_timeout
 .text.tcp_timer_needed
                0x000000000800adb0       0x34 Middlewares/Third_Party/LwIP/src/core/timeouts.o
                0x000000000800adb0                tcp_timer_needed
 .text.tcpip_tcp_timer
                0x000000000800ade4       0x38 Middlewares/Third_Party/LwIP/src/core/timeouts.o
 .text.sys_timeouts_init
                0x000000000800ae1c       0x38 Middlewares/Third_Party/LwIP/src/core/timeouts.o
                0x000000000800ae1c                sys_timeouts_init
 .text.cyclic_timer
                0x000000000800ae54       0x1c Middlewares/Third_Party/LwIP/src/core/timeouts.o
 .text.sys_untimeout
                0x000000000800ae70       0x48 Middlewares/Third_Party/LwIP/src/core/timeouts.o
                0x000000000800ae70                sys_untimeout
 .text.sys_timeouts_mbox_fetch
                0x000000000800aeb8       0xa4 Middlewares/Third_Party/LwIP/src/core/timeouts.o
                0x000000000800aeb8                sys_timeouts_mbox_fetch
 .text.udp_init
                0x000000000800af5c        0x2 Middlewares/Third_Party/LwIP/src/core/udp.o
                0x000000000800af5c                udp_init
 *fill*         0x000000000800af5e        0x2 
 .text.udp_input
                0x000000000800af60      0x13c Middlewares/Third_Party/LwIP/src/core/udp.o
                0x000000000800af60                udp_input
 .text.udp_bind
                0x000000000800b09c       0xb4 Middlewares/Third_Party/LwIP/src/core/udp.o
                0x000000000800b09c                udp_bind
 .text.udp_recv
                0x000000000800b150        0x6 Middlewares/Third_Party/LwIP/src/core/udp.o
                0x000000000800b150                udp_recv
 *fill*         0x000000000800b156        0x2 
 .text.udp_remove
                0x000000000800b158       0x30 Middlewares/Third_Party/LwIP/src/core/udp.o
                0x000000000800b158                udp_remove
 .text.udp_new  0x000000000800b188       0x1c Middlewares/Third_Party/LwIP/src/core/udp.o
                0x000000000800b188                udp_new
 .text.udp_new_ip_type
                0x000000000800b1a4        0x4 Middlewares/Third_Party/LwIP/src/core/udp.o
                0x000000000800b1a4                udp_new_ip_type
 .text.udp_netif_ip_addr_changed
                0x000000000800b1a8       0x2c Middlewares/Third_Party/LwIP/src/core/udp.o
                0x000000000800b1a8                udp_netif_ip_addr_changed
 .text.ethernet_input
                0x000000000800b1d4       0x98 Middlewares/Third_Party/LwIP/src/netif/ethernet.o
                0x000000000800b1d4                ethernet_input
 .text.ethernet_output
                0x000000000800b26c       0x70 Middlewares/Third_Party/LwIP/src/netif/ethernet.o
                0x000000000800b26c                ethernet_output
 .text.sys_mbox_new
                0x000000000800b2dc       0x20 Middlewares/Third_Party/LwIP/system/OS/sys_arch.o
                0x000000000800b2dc                sys_mbox_new
 .text.sys_mbox_free
                0x000000000800b2fc       0x14 Middlewares/Third_Party/LwIP/system/OS/sys_arch.o
                0x000000000800b2fc                sys_mbox_free
 .text.sys_mbox_post
                0x000000000800b310       0x18 Middlewares/Third_Party/LwIP/system/OS/sys_arch.o
                0x000000000800b310                sys_mbox_post
 .text.sys_mbox_trypost
                0x000000000800b328       0x14 Middlewares/Third_Party/LwIP/system/OS/sys_arch.o
                0x000000000800b328                sys_mbox_trypost
 .text.sys_arch_mbox_fetch
                0x000000000800b33c       0x44 Middlewares/Third_Party/LwIP/system/OS/sys_arch.o
                0x000000000800b33c                sys_arch_mbox_fetch
 .text.sys_arch_mbox_tryfetch
                0x000000000800b380       0x22 Middlewares/Third_Party/LwIP/system/OS/sys_arch.o
                0x000000000800b380                sys_arch_mbox_tryfetch
 .text.sys_mbox_valid
                0x000000000800b3a2        0xa Middlewares/Third_Party/LwIP/system/OS/sys_arch.o
                0x000000000800b3a2                sys_mbox_valid
 .text.sys_mbox_set_invalid
                0x000000000800b3ac        0x6 Middlewares/Third_Party/LwIP/system/OS/sys_arch.o
                0x000000000800b3ac                sys_mbox_set_invalid
 .text.sys_sem_new
                0x000000000800b3b2       0x30 Middlewares/Third_Party/LwIP/system/OS/sys_arch.o
                0x000000000800b3b2                sys_sem_new
 .text.sys_arch_sem_wait
                0x000000000800b3e2       0x36 Middlewares/Third_Party/LwIP/system/OS/sys_arch.o
                0x000000000800b3e2                sys_arch_sem_wait
 .text.sys_sem_signal
                0x000000000800b418        0x6 Middlewares/Third_Party/LwIP/system/OS/sys_arch.o
                0x000000000800b418                sys_sem_signal
 .text.sys_sem_free
                0x000000000800b41e        0x6 Middlewares/Third_Party/LwIP/system/OS/sys_arch.o
                0x000000000800b41e                sys_sem_free
 .text.sys_sem_valid
                0x000000000800b424        0xa Middlewares/Third_Party/LwIP/system/OS/sys_arch.o
                0x000000000800b424                sys_sem_valid
 .text.sys_sem_set_invalid
                0x000000000800b42e        0x6 Middlewares/Third_Party/LwIP/system/OS/sys_arch.o
                0x000000000800b42e                sys_sem_set_invalid
 .text.sys_init
                0x000000000800b434       0x18 Middlewares/Third_Party/LwIP/system/OS/sys_arch.o
                0x000000000800b434                sys_init
 .text.sys_mutex_new
                0x000000000800b44c       0x1e Middlewares/Third_Party/LwIP/system/OS/sys_arch.o
                0x000000000800b44c                sys_mutex_new
 .text.sys_mutex_lock
                0x000000000800b46a        0xa Middlewares/Third_Party/LwIP/system/OS/sys_arch.o
                0x000000000800b46a                sys_mutex_lock
 .text.sys_mutex_unlock
                0x000000000800b474        0x6 Middlewares/Third_Party/LwIP/system/OS/sys_arch.o
                0x000000000800b474                sys_mutex_unlock
 .text.sys_thread_new
                0x000000000800b47a       0x20 Middlewares/Third_Party/LwIP/system/OS/sys_arch.o
                0x000000000800b47a                sys_thread_new
 *fill*         0x000000000800b49a        0x2 
 .text.sys_arch_protect
                0x000000000800b49c       0x18 Middlewares/Third_Party/LwIP/system/OS/sys_arch.o
                0x000000000800b49c                sys_arch_protect
 .text.sys_arch_unprotect
                0x000000000800b4b4        0xc Middlewares/Third_Party/LwIP/system/OS/sys_arch.o
                0x000000000800b4b4                sys_arch_unprotect
 .text.MX_ADC1_Init
                0x000000000800b4c0       0x68 Src/adc.o
                0x000000000800b4c0                MX_ADC1_Init
 .text.HAL_ADC_MspInit
                0x000000000800b528       0x44 Src/adc.o
                0x000000000800b528                HAL_ADC_MspInit
 .text.init_dac_command
                0x000000000800b56c        0xa Src/dac.o
                0x000000000800b56c                init_dac_command
 *fill*         0x000000000800b576        0x2 
 .text.send_dac
                0x000000000800b578       0x4c Src/dac.o
                0x000000000800b578                send_dac
 .text.send_control_dac
                0x000000000800b5c4       0x32 Src/dac.o
                0x000000000800b5c4                send_control_dac
 .text.set_volt_dac
                0x000000000800b5f6       0x26 Src/dac.o
                0x000000000800b5f6                set_volt_dac
 .text.soft_reset_dac
                0x000000000800b61c       0x1a Src/dac.o
                0x000000000800b61c                soft_reset_dac
 .text.reset_dac
                0x000000000800b636       0x1a Src/dac.o
                0x000000000800b636                reset_dac
 .text.init_dac
                0x000000000800b650       0x40 Src/dac.o
                0x000000000800b650                init_dac
 .text.low_level_output
                0x000000000800b690       0xa0 Src/ethernetif.o
 .text.ethernetif_input
                0x000000000800b730       0xec Src/ethernetif.o
                0x000000000800b730                ethernetif_input
 .text.HAL_ETH_MspInit
                0x000000000800b81c       0xcc Src/ethernetif.o
                0x000000000800b81c                HAL_ETH_MspInit
 .text.HAL_ETH_RxCpltCallback
                0x000000000800b8e8        0xc Src/ethernetif.o
                0x000000000800b8e8                HAL_ETH_RxCpltCallback
 .text.ethernetif_init
                0x000000000800b8f4      0x158 Src/ethernetif.o
                0x000000000800b8f4                ethernetif_init
 .text.sys_now  0x000000000800ba4c        0x4 Src/ethernetif.o
                0x000000000800ba4c                sys_now
 .text.StartDefaultTask
                0x000000000800ba50        0xe Src/freertos.o
                0x000000000800ba50                StartDefaultTask
 *fill*         0x000000000800ba5e        0x2 
 .text.MX_FREERTOS_Init
                0x000000000800ba60       0x98 Src/freertos.o
                0x000000000800ba60                MX_FREERTOS_Init
 .text.set_basic_config
                0x000000000800baf8       0x1c Src/global_preferences.o
                0x000000000800baf8                set_basic_config
 .text.set_advanced_config
                0x000000000800bb14       0x1c Src/global_preferences.o
                0x000000000800bb14                set_advanced_config
 .text.set_system_config
                0x000000000800bb30       0x14 Src/global_preferences.o
                0x000000000800bb30                set_system_config
 .text.set_axis
                0x000000000800bb44       0x14 Src/global_preferences.o
                0x000000000800bb44                set_axis
 .text.axisType
                0x000000000800bb58        0xc Src/global_preferences.o
                0x000000000800bb58                axisType
 .text.upperRange
                0x000000000800bb64       0x10 Src/global_preferences.o
                0x000000000800bb64                upperRange
 .text.lowerRange
                0x000000000800bb74       0x10 Src/global_preferences.o
                0x000000000800bb74                lowerRange
 .text.acceleration
                0x000000000800bb84       0x10 Src/global_preferences.o
                0x000000000800bb84                acceleration
 .text.deceleration
                0x000000000800bb94       0x10 Src/global_preferences.o
                0x000000000800bb94                deceleration
 .text.positionWindow
                0x000000000800bba4       0x10 Src/global_preferences.o
                0x000000000800bba4                positionWindow
 .text.minSpeed
                0x000000000800bbb4       0x10 Src/global_preferences.o
                0x000000000800bbb4                minSpeed
 .text.maxSpeed
                0x000000000800bbc4       0x10 Src/global_preferences.o
                0x000000000800bbc4                maxSpeed
 .text.maxVolt  0x000000000800bbd4       0x10 Src/global_preferences.o
                0x000000000800bbd4                maxVolt
 .text.axisSelected
                0x000000000800bbe4        0xc Src/global_preferences.o
                0x000000000800bbe4                axisSelected
 .text.TTL_flank
                0x000000000800bbf0        0xc Src/global_preferences.o
                0x000000000800bbf0                TTL_flank
 .text.MX_GPIO_Init
                0x000000000800bbfc      0x2a0 Src/gpio.o
                0x000000000800bbfc                MX_GPIO_Init
 .text.MX_LWIP_Init
                0x000000000800be9c       0xe0 Src/lwip.o
                0x000000000800be9c                MX_LWIP_Init
 .text.SystemClock_Config
                0x000000000800bf7c       0xb0 Src/main.o
                0x000000000800bf7c                SystemClock_Config
 .text.startup.main
                0x000000000800c02c       0x38 Src/main.o
                0x000000000800c02c                main
 .text.HAL_TIM_PeriodElapsedCallback
                0x000000000800c064       0x14 Src/main.o
                0x000000000800c064                HAL_TIM_PeriodElapsedCallback
 .text._Error_Handler
                0x000000000800c078        0x2 Src/main.o
                0x000000000800c078                _Error_Handler
 *fill*         0x000000000800c07a        0x2 
 .text.run_position_mode
                0x000000000800c07c       0x24 Src/modes.o
                0x000000000800c07c                run_position_mode
 .text.run_register_mode
                0x000000000800c0a0       0x30 Src/modes.o
                0x000000000800c0a0                run_register_mode
 .text.run_manual_mode
                0x000000000800c0d0       0x1c Src/modes.o
                0x000000000800c0d0                run_manual_mode
 .text.stop_mode
                0x000000000800c0ec        0xc Src/modes.o
                0x000000000800c0ec                stop_mode
 .text.manual_mode
                0x000000000800c0f8      0x114 Src/modes.o
                0x000000000800c0f8                manual_mode
 .text.dist_to_speed_cond
                0x000000000800c20c       0x66 Src/modes.o
                0x000000000800c20c                dist_to_speed_cond
 *fill*         0x000000000800c272        0x2 
 .text.position_mode
                0x000000000800c274      0x158 Src/modes.o
                0x000000000800c274                position_mode
 .text.arrived_to_position
                0x000000000800c3cc       0x68 Src/modes.o
                0x000000000800c3cc                arrived_to_position
 *fill*         0x000000000800c434        0x4 
 .text.register_mode
                0x000000000800c438      0x1b4 Src/modes.o
                0x000000000800c438                register_mode
 .text.run_modes
                0x000000000800c5ec       0x50 Src/modes.o
                0x000000000800c5ec                run_modes
 .text.update_speed
                0x000000000800c63c      0x10c Src/motor_driver.o
                0x000000000800c63c                update_speed
 .text.position_updater
                0x000000000800c748       0x4c Src/motor_driver.o
                0x000000000800c748                position_updater
 .text.get_position
                0x000000000800c794        0xc Src/motor_driver.o
                0x000000000800c794                get_position
 .text.get_speed
                0x000000000800c7a0        0xc Src/motor_driver.o
                0x000000000800c7a0                get_speed
 .text.set_speed
                0x000000000800c7ac       0x58 Src/motor_driver.o
                0x000000000800c7ac                set_speed
 .text.set_speed_params
                0x000000000800c804       0x40 Src/motor_driver.o
                0x000000000800c804                set_speed_params
 .text.stop_speed
                0x000000000800c844        0xc Src/motor_driver.o
                0x000000000800c844                stop_speed
 .text.get_speed_state
                0x000000000800c850        0xc Src/motor_driver.o
                0x000000000800c850                get_speed_state
 .text.speed_updater
                0x000000000800c85c      0x108 Src/motor_driver.o
                0x000000000800c85c                speed_updater
 .text.pot_value
                0x000000000800c964       0x34 Src/peripherals.o
                0x000000000800c964                pot_value
 .text.select_axis
                0x000000000800c998       0x30 Src/peripherals.o
                0x000000000800c998                select_axis
 .text.enable_axis
                0x000000000800c9c8       0x38 Src/peripherals.o
                0x000000000800c9c8                enable_axis
 .text.push_brakes
                0x000000000800ca00       0x28 Src/peripherals.o
                0x000000000800ca00                push_brakes
 .text.release_brake
                0x000000000800ca28       0x24 Src/peripherals.o
                0x000000000800ca28                release_brake
 .text.clock_limits
                0x000000000800ca4c       0x38 Src/peripherals.o
                0x000000000800ca4c                clock_limits
 .text.counter_limits
                0x000000000800ca84       0x38 Src/peripherals.o
                0x000000000800ca84                counter_limits
 .text.limits_controller
                0x000000000800cabc       0x30 Src/peripherals.o
                0x000000000800cabc                limits_controller
 *fill*         0x000000000800caec        0x4 
 .text.synchro_position
                0x000000000800caf0       0x58 Src/peripherals.o
                0x000000000800caf0                synchro_position
 .text.synchro_BIT
                0x000000000800cb48        0xc Src/peripherals.o
                0x000000000800cb48                synchro_BIT
 .text.synchro_CB
                0x000000000800cb54       0x10 Src/peripherals.o
                0x000000000800cb54                synchro_CB
 .text.fire_TTL
                0x000000000800cb64       0x20 Src/peripherals.o
                0x000000000800cb64                fire_TTL
 .text.MX_SPI1_Init
                0x000000000800cb84       0x58 Src/spi.o
                0x000000000800cb84                MX_SPI1_Init
 .text.HAL_SPI_MspInit
                0x000000000800cbdc       0x64 Src/spi.o
                0x000000000800cbdc                HAL_SPI_MspInit
 .text.HAL_MspInit
                0x000000000800cc40       0x8c Src/stm32f7xx_hal_msp.o
                0x000000000800cc40                HAL_MspInit
 .text.HAL_InitTick
                0x000000000800cccc       0x78 Src/stm32f7xx_hal_timebase_TIM.o
                0x000000000800cccc                HAL_InitTick
 .text.NMI_Handler
                0x000000000800cd44        0x2 Src/stm32f7xx_it.o
                0x000000000800cd44                NMI_Handler
 .text.HardFault_Handler
                0x000000000800cd46        0x2 Src/stm32f7xx_it.o
                0x000000000800cd46                HardFault_Handler
 .text.MemManage_Handler
                0x000000000800cd48        0x2 Src/stm32f7xx_it.o
                0x000000000800cd48                MemManage_Handler
 .text.BusFault_Handler
                0x000000000800cd4a        0x2 Src/stm32f7xx_it.o
                0x000000000800cd4a                BusFault_Handler
 .text.UsageFault_Handler
                0x000000000800cd4c        0x2 Src/stm32f7xx_it.o
                0x000000000800cd4c                UsageFault_Handler
 .text.DebugMon_Handler
                0x000000000800cd4e        0x2 Src/stm32f7xx_it.o
                0x000000000800cd4e                DebugMon_Handler
 .text.SysTick_Handler
                0x000000000800cd50        0x4 Src/stm32f7xx_it.o
                0x000000000800cd50                SysTick_Handler
 .text.TIM1_UP_TIM10_IRQHandler
                0x000000000800cd54        0xc Src/stm32f7xx_it.o
                0x000000000800cd54                TIM1_UP_TIM10_IRQHandler
 .text.EXTI15_10_IRQHandler
                0x000000000800cd60        0x8 Src/stm32f7xx_it.o
                0x000000000800cd60                EXTI15_10_IRQHandler
 .text.ETH_IRQHandler
                0x000000000800cd68        0xc Src/stm32f7xx_it.o
                0x000000000800cd68                ETH_IRQHandler
 .text._sbrk    0x000000000800cd74       0x40 Src/syscalls.o
                0x000000000800cd74                _sbrk
 .text._write   0x000000000800cdb4       0x1c Src/syscalls.o
                0x000000000800cdb4                _write
 .text._close   0x000000000800cdd0        0x6 Src/syscalls.o
                0x000000000800cdd0                _close
 .text._fstat   0x000000000800cdd6        0xa Src/syscalls.o
                0x000000000800cdd6                _fstat
 .text._isatty  0x000000000800cde0        0x4 Src/syscalls.o
                0x000000000800cde0                _isatty
 .text._lseek   0x000000000800cde4        0x4 Src/syscalls.o
                0x000000000800cde4                _lseek
 .text._read    0x000000000800cde8       0x1c Src/syscalls.o
                0x000000000800cde8                _read
 .text.SystemInit
                0x000000000800ce04       0x4c Src/system_stm32f7xx.o
                0x000000000800ce04                SystemInit
 .text.NVIC_SystemReset
                0x000000000800ce50       0x24 Src/tcp.o
 .text.keepAlive
                0x000000000800ce74        0x4 Src/tcp.o
                0x000000000800ce74                keepAlive
 .text.stop     0x000000000800ce78        0xa Src/tcp.o
                0x000000000800ce78                stop
 *fill*         0x000000000800ce82        0x2 
 .text.send_packet
                0x000000000800ce84       0x74 Src/tcp.o
                0x000000000800ce84                send_packet
 .text.send_keep_alive
                0x000000000800cef8       0x1a Src/tcp.o
                0x000000000800cef8                send_keep_alive
 .text.send_ack
                0x000000000800cf12       0x1a Src/tcp.o
                0x000000000800cf12                send_ack
 .text.conn_handler
                0x000000000800cf2c       0xb8 Src/tcp.o
                0x000000000800cf2c                conn_handler
 .text.tcp_server
                0x000000000800cfe4       0x60 Src/tcp.o
                0x000000000800cfe4                tcp_server
 .text.send_position_speed
                0x000000000800d044       0x34 Src/tcp.o
                0x000000000800d044                send_position_speed
 .text.send_state
                0x000000000800d078       0x18 Src/tcp.o
                0x000000000800d078                send_state
 .text.send_limits
                0x000000000800d090       0x1a Src/tcp.o
                0x000000000800d090                send_limits
 .text.frontDistance
                0x000000000800d0aa       0x3c Src/utils.o
                0x000000000800d0aa                frontDistance
 .text.behindDistance
                0x000000000800d0e6       0x3c Src/utils.o
                0x000000000800d0e6                behindDistance
 .text.shortDistance
                0x000000000800d122       0x3a Src/utils.o
                0x000000000800d122                shortDistance
 .text.accelerationDistance
                0x000000000800d15c       0x86 Src/utils.o
                0x000000000800d15c                accelerationDistance
 .text.decelerationDistance
                0x000000000800d1e2       0x86 Src/utils.o
                0x000000000800d1e2                decelerationDistance
 .text.correctPosition
                0x000000000800d268       0x5a Src/utils.o
                0x000000000800d268                correctPosition
 *fill*         0x000000000800d2c2        0x2 
 .text.DWT_Init
                0x000000000800d2c4       0x20 Src/utils.o
                0x000000000800d2c4                DWT_Init
 .text.DWT_Delay
                0x000000000800d2e4       0x28 Src/utils.o
                0x000000000800d2e4                DWT_Delay
 .text.Reset_Handler
                0x000000000800d30c       0x50 startup/startup_stm32f767xx.o
                0x000000000800d30c                Reset_Handler
 .text.Default_Handler
                0x000000000800d35c        0x2 startup/startup_stm32f767xx.o
                0x000000000800d35c                RTC_Alarm_IRQHandler
                0x000000000800d35c                EXTI2_IRQHandler
                0x000000000800d35c                TIM8_CC_IRQHandler
                0x000000000800d35c                UART8_IRQHandler
                0x000000000800d35c                SPI4_IRQHandler
                0x000000000800d35c                TIM1_CC_IRQHandler
                0x000000000800d35c                DMA2_Stream5_IRQHandler
                0x000000000800d35c                JPEG_IRQHandler
                0x000000000800d35c                DMA1_Stream5_IRQHandler
                0x000000000800d35c                CAN3_RX1_IRQHandler
                0x000000000800d35c                PVD_IRQHandler
                0x000000000800d35c                TAMP_STAMP_IRQHandler
                0x000000000800d35c                CAN2_RX1_IRQHandler
                0x000000000800d35c                EXTI3_IRQHandler
                0x000000000800d35c                TIM8_TRG_COM_TIM14_IRQHandler
                0x000000000800d35c                DFSDM1_FLT1_IRQHandler
                0x000000000800d35c                TIM8_UP_TIM13_IRQHandler
                0x000000000800d35c                I2C3_ER_IRQHandler
                0x000000000800d35c                DFSDM1_FLT2_IRQHandler
                0x000000000800d35c                EXTI0_IRQHandler
                0x000000000800d35c                I2C2_EV_IRQHandler
                0x000000000800d35c                DMA1_Stream2_IRQHandler
                0x000000000800d35c                CAN1_RX0_IRQHandler
                0x000000000800d35c                FPU_IRQHandler
                0x000000000800d35c                OTG_HS_WKUP_IRQHandler
                0x000000000800d35c                CAN3_SCE_IRQHandler
                0x000000000800d35c                LTDC_ER_IRQHandler
                0x000000000800d35c                CAN2_SCE_IRQHandler
                0x000000000800d35c                DMA2_Stream2_IRQHandler
                0x000000000800d35c                SPI1_IRQHandler
                0x000000000800d35c                TIM6_DAC_IRQHandler
                0x000000000800d35c                TIM1_BRK_TIM9_IRQHandler
                0x000000000800d35c                DCMI_IRQHandler
                0x000000000800d35c                CAN2_RX0_IRQHandler
                0x000000000800d35c                DMA2_Stream3_IRQHandler
                0x000000000800d35c                SAI2_IRQHandler
                0x000000000800d35c                DFSDM1_FLT3_IRQHandler
                0x000000000800d35c                USART6_IRQHandler
                0x000000000800d35c                CAN3_RX0_IRQHandler
                0x000000000800d35c                USART3_IRQHandler
                0x000000000800d35c                CAN1_RX1_IRQHandler
                0x000000000800d35c                UART5_IRQHandler
                0x000000000800d35c                DMA2_Stream0_IRQHandler
                0x000000000800d35c                TIM4_IRQHandler
                0x000000000800d35c                QUADSPI_IRQHandler
                0x000000000800d35c                I2C1_EV_IRQHandler
                0x000000000800d35c                DMA1_Stream6_IRQHandler
                0x000000000800d35c                DMA1_Stream1_IRQHandler
                0x000000000800d35c                UART4_IRQHandler
                0x000000000800d35c                TIM3_IRQHandler
                0x000000000800d35c                RCC_IRQHandler
                0x000000000800d35c                TIM8_BRK_TIM12_IRQHandler
                0x000000000800d35c                Default_Handler
                0x000000000800d35c                CEC_IRQHandler
                0x000000000800d35c                ADC_IRQHandler
                0x000000000800d35c                DMA1_Stream7_IRQHandler
                0x000000000800d35c                SPI5_IRQHandler
                0x000000000800d35c                TIM7_IRQHandler
                0x000000000800d35c                SDMMC1_IRQHandler
                0x000000000800d35c                CAN2_TX_IRQHandler
                0x000000000800d35c                TIM5_IRQHandler
                0x000000000800d35c                DMA2_Stream7_IRQHandler
                0x000000000800d35c                I2C3_EV_IRQHandler
                0x000000000800d35c                EXTI9_5_IRQHandler
                0x000000000800d35c                RTC_WKUP_IRQHandler
                0x000000000800d35c                LTDC_IRQHandler
                0x000000000800d35c                ETH_WKUP_IRQHandler
                0x000000000800d35c                SPDIF_RX_IRQHandler
                0x000000000800d35c                SPI2_IRQHandler
                0x000000000800d35c                OTG_HS_EP1_IN_IRQHandler
                0x000000000800d35c                DMA1_Stream0_IRQHandler
                0x000000000800d35c                CAN1_TX_IRQHandler
                0x000000000800d35c                EXTI4_IRQHandler
                0x000000000800d35c                RNG_IRQHandler
                0x000000000800d35c                OTG_HS_EP1_OUT_IRQHandler
                0x000000000800d35c                WWDG_IRQHandler
                0x000000000800d35c                SPI6_IRQHandler
                0x000000000800d35c                MDIOS_IRQHandler
                0x000000000800d35c                I2C4_EV_IRQHandler
                0x000000000800d35c                CAN3_TX_IRQHandler
                0x000000000800d35c                TIM2_IRQHandler
                0x000000000800d35c                OTG_FS_WKUP_IRQHandler
                0x000000000800d35c                TIM1_TRG_COM_TIM11_IRQHandler
                0x000000000800d35c                OTG_HS_IRQHandler
                0x000000000800d35c                DMA2D_IRQHandler
                0x000000000800d35c                EXTI1_IRQHandler
                0x000000000800d35c                SDMMC2_IRQHandler
                0x000000000800d35c                UART7_IRQHandler
                0x000000000800d35c                USART2_IRQHandler
                0x000000000800d35c                DFSDM1_FLT0_IRQHandler
                0x000000000800d35c                I2C2_ER_IRQHandler
                0x000000000800d35c                DMA2_Stream1_IRQHandler