peripherals.c:70:6:init_peripherials	8	static
peripherals.c:79:6:init_pot	8	static
peripherals.c:85:7:pot_value	8	static
peripherals.c:90:6:select_axis	24	static
peripherals.c:96:6:enable_axis	24	static
peripherals.c:103:6:release_brake	16	static
peripherals.c:112:6:push_brakes	16	static
peripherals.c:118:9:clock_limits	16	static
peripherals.c:127:9:clock_limit	16	static
peripherals.c:131:9:counter_limits	16	static
peripherals.c:140:9:counter_limit	16	static
peripherals.c:144:6:limits_controller	16	static
peripherals.c:155:7:synchro_position	24	static
peripherals.c:164:9:synchro_BIT	8	static
peripherals.c:168:9:synchro_CB	8	static
peripherals.c:172:6:synchro_INH	16	static
peripherals.c:176:6:init_TTL	16	static
peripherals.c:182:6:fire_TTL	8	static
peripherals.c:187:6:stop_TTL	16	static
